../Core/Src/main.c:73:6:Puts_Serial	16	static
../Core/Src/main.c:82:6:init_buffers	16	static
../Core/Src/main.c:93:9:compute_on_buffer	40	static
../Core/Src/main.c:109:20:dwt_init	4	static
../Core/Src/main.c:116:24:dwt_get	4	static
../Core/Src/main.c:126:5:main	48	static,ignoring_inline_asm
../Core/Src/main.c:235:6:SystemClock_Config	120	static
../Core/Src/main.c:294:13:MX_USART3_UART_Init	8	static
../Core/Src/main.c:342:13:MX_GPIO_Init	40	static
../Core/Src/main.c:376:6:Error_Handler	4	static,ignoring_inline_asm
