Archive member included to satisfy reference by file (symbol)

D:/ProgramFile/ST/STM32Cube/STM32CubeIDE_2.0.0/STM32CubeIDE/plugins/com.st.stm32cube.ide.mcu.externaltools.gnu-tools-for-stm32.13.3.rel1.win32_1.0.100.202509120712/tools/bin/../lib/gcc/arm-none-eabi/13.3.1/../../../../arm-none-eabi/lib/thumb/v7e-m+dp/hard\libc_nano.a(libc_a-exit.o)
                              D:/ProgramFile/ST/STM32Cube/STM32CubeIDE_2.0.0/STM32CubeIDE/plugins/com.st.stm32cube.ide.mcu.externaltools.gnu-tools-for-stm32.13.3.rel1.win32_1.0.100.202509120712/tools/bin/../lib/gcc/arm-none-eabi/13.3.1/../../../../arm-none-eabi/lib/thumb/v7e-m+dp/hard/crt0.o (exit)
D:/ProgramFile/ST/STM32Cube/STM32CubeIDE_2.0.0/STM32CubeIDE/plugins/com.st.stm32cube.ide.mcu.externaltools.gnu-tools-for-stm32.13.3.rel1.win32_1.0.100.202509120712/tools/bin/../lib/gcc/arm-none-eabi/13.3.1/../../../../arm-none-eabi/lib/thumb/v7e-m+dp/hard\libc_nano.a(libc_a-findfp.o)
                              D:/ProgramFile/ST/STM32Cube/STM32CubeIDE_2.0.0/STM32CubeIDE/plugins/com.st.stm32cube.ide.mcu.externaltools.gnu-tools-for-stm32.13.3.rel1.win32_1.0.100.202509120712/tools/bin/../lib/gcc/arm-none-eabi/13.3.1/../../../../arm-none-eabi/lib/thumb/v7e-m+dp/hard\libc_nano.a(libc_a-exit.o) (__stdio_exit_handler)
D:/ProgramFile/ST/STM32Cube/STM32CubeIDE_2.0.0/STM32CubeIDE/plugins/com.st.stm32cube.ide.mcu.externaltools.gnu-tools-for-stm32.13.3.rel1.win32_1.0.100.202509120712/tools/bin/../lib/gcc/arm-none-eabi/13.3.1/../../../../arm-none-eabi/lib/thumb/v7e-m+dp/hard\libc_nano.a(libc_a-fwalk.o)
                              D:/ProgramFile/ST/STM32Cube/STM32CubeIDE_2.0.0/STM32CubeIDE/plugins/com.st.stm32cube.ide.mcu.externaltools.gnu-tools-for-stm32.13.3.rel1.win32_1.0.100.202509120712/tools/bin/../lib/gcc/arm-none-eabi/13.3.1/../../../../arm-none-eabi/lib/thumb/v7e-m+dp/hard\libc_nano.a(libc_a-findfp.o) (_fwalk_sglue)
D:/ProgramFile/ST/STM32Cube/STM32CubeIDE_2.0.0/STM32CubeIDE/plugins/com.st.stm32cube.ide.mcu.externaltools.gnu-tools-for-stm32.13.3.rel1.win32_1.0.100.202509120712/tools/bin/../lib/gcc/arm-none-eabi/13.3.1/../../../../arm-none-eabi/lib/thumb/v7e-m+dp/hard\libc_nano.a(libc_a-sprintf.o)
                              ./Core/Src/main.o (sprintf)
D:/ProgramFile/ST/STM32Cube/STM32CubeIDE_2.0.0/STM32CubeIDE/plugins/com.st.stm32cube.ide.mcu.externaltools.gnu-tools-for-stm32.13.3.rel1.win32_1.0.100.202509120712/tools/bin/../lib/gcc/arm-none-eabi/13.3.1/../../../../arm-none-eabi/lib/thumb/v7e-m+dp/hard\libc_nano.a(libc_a-stdio.o)
                              D:/ProgramFile/ST/STM32Cube/STM32CubeIDE_2.0.0/STM32CubeIDE/plugins/com.st.stm32cube.ide.mcu.externaltools.gnu-tools-for-stm32.13.3.rel1.win32_1.0.100.202509120712/tools/bin/../lib/gcc/arm-none-eabi/13.3.1/../../../../arm-none-eabi/lib/thumb/v7e-m+dp/hard\libc_nano.a(libc_a-findfp.o) (__sread)
D:/ProgramFile/ST/STM32Cube/STM32CubeIDE_2.0.0/STM32CubeIDE/plugins/com.st.stm32cube.ide.mcu.externaltools.gnu-tools-for-stm32.13.3.rel1.win32_1.0.100.202509120712/tools/bin/../lib/gcc/arm-none-eabi/13.3.1/../../../../arm-none-eabi/lib/thumb/v7e-m+dp/hard\libc_nano.a(libc_a-memset.o)
                              D:/ProgramFile/ST/STM32Cube/STM32CubeIDE_2.0.0/STM32CubeIDE/plugins/com.st.stm32cube.ide.mcu.externaltools.gnu-tools-for-stm32.13.3.rel1.win32_1.0.100.202509120712/tools/bin/../lib/gcc/arm-none-eabi/13.3.1/../../../../arm-none-eabi/lib/thumb/v7e-m+dp/hard/crt0.o (memset)
D:/ProgramFile/ST/STM32Cube/STM32CubeIDE_2.0.0/STM32CubeIDE/plugins/com.st.stm32cube.ide.mcu.externaltools.gnu-tools-for-stm32.13.3.rel1.win32_1.0.100.202509120712/tools/bin/../lib/gcc/arm-none-eabi/13.3.1/../../../../arm-none-eabi/lib/thumb/v7e-m+dp/hard\libc_nano.a(libc_a-closer.o)
                              D:/ProgramFile/ST/STM32Cube/STM32CubeIDE_2.0.0/STM32CubeIDE/plugins/com.st.stm32cube.ide.mcu.externaltools.gnu-tools-for-stm32.13.3.rel1.win32_1.0.100.202509120712/tools/bin/../lib/gcc/arm-none-eabi/13.3.1/../../../../arm-none-eabi/lib/thumb/v7e-m+dp/hard\libc_nano.a(libc_a-stdio.o) (_close_r)
D:/ProgramFile/ST/STM32Cube/STM32CubeIDE_2.0.0/STM32CubeIDE/plugins/com.st.stm32cube.ide.mcu.externaltools.gnu-tools-for-stm32.13.3.rel1.win32_1.0.100.202509120712/tools/bin/../lib/gcc/arm-none-eabi/13.3.1/../../../../arm-none-eabi/lib/thumb/v7e-m+dp/hard\libc_nano.a(libc_a-reent.o)
                              D:/ProgramFile/ST/STM32Cube/STM32CubeIDE_2.0.0/STM32CubeIDE/plugins/com.st.stm32cube.ide.mcu.externaltools.gnu-tools-for-stm32.13.3.rel1.win32_1.0.100.202509120712/tools/bin/../lib/gcc/arm-none-eabi/13.3.1/../../../../arm-none-eabi/lib/thumb/v7e-m+dp/hard\libc_nano.a(libc_a-closer.o) (errno)
D:/ProgramFile/ST/STM32Cube/STM32CubeIDE_2.0.0/STM32CubeIDE/plugins/com.st.stm32cube.ide.mcu.externaltools.gnu-tools-for-stm32.13.3.rel1.win32_1.0.100.202509120712/tools/bin/../lib/gcc/arm-none-eabi/13.3.1/../../../../arm-none-eabi/lib/thumb/v7e-m+dp/hard\libc_nano.a(libc_a-impure.o)
[...]
Memory Configuration

Name             Origin             Length             Attributes
RAM_D1           0x24000000         0x00080000         xrw
FLASH            0x08000000         0x00100000         xr
DTCMRAM          0x20000000         0x00020000         xrw
RAM_D2           0x30000000         0x00048000         xrw
RAM_D3           0x38000000         0x00010000         xrw
ITCMRAM          0x00000000         0x00010000         xrw
*default*        0x00000000         0xffffffff

Linker script and memory map

LOAD D:/ProgramFile/ST/STM32Cube/STM32CubeIDE_2.0.0/STM32CubeIDE/plugins/com.st.stm32cube.ide.mcu.externaltools.gnu-tools-for-stm32.13.3.rel1.win32_1.0.100.202509120712/tools/bin/../lib/gcc/arm-none-eabi/13.3.1/thumb/v7e-m+dp/hard/crti.o
LOAD D:/ProgramFile/ST/STM32Cube/STM32CubeIDE_2.0.0/STM32CubeIDE/plugins/com.st.stm32cube.ide.mcu.externaltools.gnu-tools-for-stm32.13.3.rel1.win32_1.0.100.202509120712/tools/bin/../lib/gcc/arm-none-eabi/13.3.1/thumb/v7e-m+dp/hard/crtbegin.o
LOAD D:/ProgramFile/ST/STM32Cube/STM32CubeIDE_2.0.0/STM32CubeIDE/plugins/com.st.stm32cube.ide.mcu.externaltools.gnu-tools-for-stm32.13.3.rel1.win32_1.0.100.202509120712/tools/bin/../lib/gcc/arm-none-eabi/13.3.1/../../../../arm-none-eabi/lib/thumb/v7e-m+dp/hard/crt0.o
LOAD ./Common/Src/system_stm32h7xx_dualcore_boot_cm4_cm7.o
LOAD ./Core/Src/gpio.o
LOAD ./Core/Src/main.o
LOAD ./Core/Src/stm32h7xx_hal_msp.o
LOAD ./Core/Src/stm32h7xx_it.o
LOAD ./Core/Src/syscalls.o
LOAD ./Core/Src/sysmem.o
LOAD ./Core/Src/usart.o
LOAD ./Core/Startup/startup_stm32h745xihx.o
LOAD ./Drivers/STM32H7xx_HAL_Driver/stm32h7xx_hal.o
LOAD ./Drivers/STM32H7xx_HAL_Driver/stm32h7xx_hal_cortex.o
LOAD ./Drivers/STM32H7xx_HAL_Driver/stm32h7xx_hal_dma.o
LOAD ./Drivers/STM32H7xx_HAL_Driver/stm32h7xx_hal_dma_ex.o
LOAD ./Drivers/STM32H7xx_HAL_Driver/stm32h7xx_hal_exti.o
LOAD ./Drivers/STM32H7xx_HAL_Driver/stm32h7xx_hal_flash.o
LOAD ./Drivers/STM32H7xx_HAL_Driver/stm32h7xx_hal_flash_ex.o
LOAD ./Drivers/STM32H7xx_HAL_Driver/stm32h7xx_hal_gpio.o
LOAD ./Drivers/STM32H7xx_HAL_Driver/stm32h7xx_hal_hsem.o
LOAD ./Drivers/STM32H7xx_HAL_Driver/stm32h7xx_hal_i2c.o
LOAD ./Drivers/STM32H7xx_HAL_Driver/stm32h7xx_hal_i2c_ex.o
LOAD ./Drivers/STM32H7xx_HAL_Driver/stm32h7xx_hal_mdma.o
LOAD ./Drivers/STM32H7xx_HAL_Driver/stm32h7xx_hal_pwr.o
LOAD ./Drivers/STM32H7xx_HAL_Driver/stm32h7xx_hal_pwr_ex.o
LOAD ./Drivers/STM32H7xx_HAL_Driver/stm32h7xx_hal_rcc.o
LOAD ./Drivers/STM32H7xx_HAL_Driver/stm32h7xx_hal_rcc_ex.o
LOAD ./Drivers/STM32H7xx_HAL_Driver/stm32h7xx_hal_uart.o
LOAD ./Drivers/STM32H7xx_HAL_Driver/stm32h7xx_hal_uart_ex.o
START GROUP
LOAD D:/ProgramFile/ST/STM32Cube/STM32CubeIDE_2.0.0/STM32CubeIDE/plugins/com.st.stm32cube.ide.mcu.externaltools.gnu-tools-for-stm32.13.3.rel1.win32_1.0.100.202509120712/tools/bin/../lib/gcc/arm-none-eabi/13.3.1/../../../../arm-none-eabi/lib/thumb/v7e-m+dp/hard\libc_nano.a
LOAD D:/ProgramFile/ST/STM32Cube/STM32CubeIDE_2.0.0/STM32CubeIDE/plugins/com.st.stm32cube.ide.mcu.externaltools.gnu-tools-for-stm32.13.3.rel1.win32_1.0.100.202509120712/tools/bin/../lib/gcc/arm-none-eabi/13.3.1/../../../../arm-none-eabi/lib/thumb/v7e-m+dp/hard\libm.a
END GROUP
START GROUP
LOAD D:/ProgramFile/ST/STM32Cube/STM32CubeIDE_2.0.0/STM32CubeIDE/plugins/com.st.stm32cube.ide.mcu.externaltools.gnu-tools-for-stm32.13.3.rel1.win32_1.0.100.202509120712/tools/bin/../lib/gcc/arm-none-eabi/13.3.1/thumb/v7e-m+dp/hard\libgcc.a
LOAD D:/ProgramFile/ST/STM32Cube/STM32CubeIDE_2.0.0/STM32CubeIDE/plugins/com.st.stm32cube.ide.mcu.externaltools.gnu-tools-for-stm32.13.3.rel1.win32_1.0.100.202509120712/tools/bin/../lib/gcc/arm-none-eabi/13.3.1/../../../../arm-none-eabi/lib/thumb/v7e-m+dp/hard\libc_nano.a
END GROUP
START GROUP
LOAD D:/ProgramFile/ST/STM32Cube/STM32CubeIDE_2.0.0/STM32CubeIDE/plugins/com.st.stm32cube.ide.mcu.externaltools.gnu-tools-for-stm32.13.3.rel1.win32_1.0.100.202509120712/tools/bin/../lib/gcc/arm-none-eabi/13.3.1/thumb/v7e-m+dp/hard\libgcc.a
LOAD D:/ProgramFile/ST/STM32Cube/STM32CubeIDE_2.0.0/STM32CubeIDE/plugins/com.st.stm32cube.ide.mcu.externaltools.gnu-tools-for-stm32.13.3.rel1.win32_1.0.100.202509120712/tools/bin/../lib/gcc/arm-none-eabi/13.3.1/../../../../arm-none-eabi/lib/thumb/v7e-m+dp/hard\libc_nano.a
LOAD D:/ProgramFile/ST/STM32Cube/STM32CubeIDE_2.0.0/STM32CubeIDE/plugins/com.st.stm32cube.ide.mcu.externaltools.gnu-tools-for-stm32.13.3.rel1.win32_1.0.100.202509120712/tools/bin/../lib/gcc/arm-none-eabi/13.3.1/../../../../arm-none-eabi/lib/thumb/v7e-m+dp/hard\libnosys.a
END GROUP
START GROUP
LOAD D:/ProgramFile/ST/STM32Cube/STM32CubeIDE_2.0.0/STM32CubeIDE/plugins/com.st.stm32cube.ide.mcu.externaltools.gnu-tools-for-stm32.13.3.rel1.win32_1.0.100.202509120712/tools/bin/../lib/gcc/arm-none-eabi/13.3.1/thumb/v7e-m+dp/hard\libgcc.a
LOAD D:/ProgramFile/ST/STM32Cube/STM32CubeIDE_2.0.0/STM32CubeIDE/plugins/com.st.stm32cube.ide.mcu.externaltools.gnu-tools-for-stm32.13.3.rel1.win32_1.0.100.202509120712/tools/bin/../lib/gcc/arm-none-eabi/13.3.1/../../../../arm-none-eabi/lib/thumb/v7e-m+dp/hard\libc_nano.a
LOAD D:/ProgramFile/ST/STM32Cube/STM32CubeIDE_2.0.0/STM32CubeIDE/plugins/com.st.stm32cube.ide.mcu.externaltools.gnu-tools-for-stm32.13.3.rel1.win32_1.0.100.202509120712/tools/bin/../lib/gcc/arm-none-eabi/13.3.1/../../../../arm-none-eabi/lib/thumb/v7e-m+dp/hard\libnosys.a
END GROUP
LOAD D:/ProgramFile/ST/STM32Cube/STM32CubeIDE_2.0.0/STM32CubeIDE/plugins/com.st.stm32cube.ide.mcu.externaltools.gnu-tools-for-stm32.13.3.rel1.win32_1.0.100.202509120712/tools/bin/../lib/gcc/arm-none-eabi/13.3.1/thumb/v7e-m+dp/hard/crtend.o
LOAD D:/ProgramFile/ST/STM32Cube/STM32CubeIDE_2.0.0/STM32CubeIDE/plugins/com.st.stm32cube.ide.mcu.externaltools.gnu-tools-for-stm32.13.3.rel1.win32_1.0.100.202509120712/tools/bin/../lib/gcc/arm-none-eabi/13.3.1/thumb/v7e-m+dp/hard/crtn.o
                0x24080000                        _estack = (ORIGIN (RAM_D1) + LENGTH (RAM_D1))
                0x00000200                        _Min_Heap_Size = 0x200
                0x00000400                        _Min_Stack_Size = 0x400

.isr_vector     0x08000000      0x298
                0x08000000                        . = ALIGN (0x4)
 *(.isr_vector)
 .isr_vector    0x08000000      0x298 ./Core/Startup/startup_stm32h745xihx.o
                0x08000000                g_pfnVectors
                0x08000298                        . = ALIGN (0x4)

.itcm_func      0x00000000       0x44 load address 0x08000298
                0x00000000                        . = ALIGN (0x4)
                0x00000000                        _itcm_func_start = .
 *(.itcm_func)
 .itcm_func     0x00000000       0x44 ./Core/Src/main.o
                0x00000000                heavy_loop_itcm
                0x00000044                        . = ALIGN (0x4)
                0x00000044                        _itcm_func_end = .
                0x08000298                        _itcm_func_load = LOADADDR (.itcm_func)

.text           0x080002e0     0x5c88
                0x080002e0                        . = ALIGN (0x4)
 *(.text)
 .text          0x080002e0       0x40 D:/ProgramFile/ST/STM32Cube/STM32CubeIDE_2.0.0/STM32CubeIDE/plugins/com.st.stm32cube.ide.mcu.externaltools.gnu-tools-for-stm32.13.3.rel1.win32_1.0.100.202509120712/tools/bin/../lib/gcc/arm-none-eabi/13.3.1/thumb/v7e-m+dp/hard/crtbegin.o
 .text          0x08000320       0xa0 D:/ProgramFile/ST/STM32Cube/STM32CubeIDE_2.0.0/STM32CubeIDE/plugins/com.st.stm32cube.ide.mcu.externaltools.gnu-tools-for-stm32.13.3.rel1.win32_1.0.100.202509120712/tools/bin/../lib/gcc/arm-none-eabi/13.3.1/../../../../arm-none-eabi/lib/thumb/v7e-m+dp/hard\libc_nano.a(libc_a-memchr.o)
                0x08000320                memchr
 .text          0x080003c0       0x30 D:/ProgramFile/ST/STM32Cube/STM32CubeIDE_2.0.0/STM32CubeIDE/plugins/com.st.stm32cube.ide.mcu.externaltools.gnu-tools-for-stm32.13.3.rel1.win32_1.0.100.202509120712/tools/bin/../lib/gcc/arm-none-eabi/13.3.1/thumb/v7e-m+dp/hard\libgcc.a(_aeabi_uldivmod.o)
                0x080003c0                __aeabi_uldivmod
 .text          0x080003f0      0x2f8 D:/ProgramFile/ST/STM32Cube/STM32CubeIDE_2.0.0/STM32CubeIDE/plugins/com.st.stm32cube.ide.mcu.externaltools.gnu-tools-for-stm32.13.3.rel1.win32_1.0.100.202509120712/tools/bin/../lib/gcc/arm-none-eabi/13.3.1/thumb/v7e-m+dp/hard\libgcc.a(_udivmoddi4.o)
                0x080003f0                __udivmoddi4
 .text          0x080006e8        0x4 D:/ProgramFile/ST/STM32Cube/STM32CubeIDE_2.0.0/STM32CubeIDE/plugins/com.st.stm32cube.ide.mcu.externaltools.gnu-tools-for-stm32.13.3.rel1.win32_1.0.100.202509120712/tools/bin/../lib/gcc/arm-none-eabi/13.3.1/thumb/v7e-m+dp/hard\libgcc.a(_dvmd_tls.o)
                0x080006e8                __aeabi_idiv0
                0x080006e8                __aeabi_ldiv0
 *(.text*)
 .text.SystemInit
                0x080006ec      0x15c ./Common/Src/system_stm32h7xx_dualcore_boot_cm4_cm7.o
                0x080006ec                SystemInit
 .text.ExitRun0Mode
                0x08000848       0x30 ./Common/Src/system_stm32h7xx_dualcore_boot_cm4_cm7.o
                0x08000848                ExitRun0Mode
 .text.MX_GPIO_Init
                0x08000878       0x8c ./Core/Src/gpio.o
                0x08000878                MX_GPIO_Init
 .text.Puts_Serial
                0x08000904       0x34 ./Core/Src/main.o
                0x08000904                Puts_Serial
 .text.heavy_loop
                0x08000938       0x44 ./Core/Src/main.o
                0x08000938                heavy_loop
 .text.dwt_init
                0x0800097c       0x34 ./Core/Src/main.o
 .text.dwt_get  0x080009b0       0x18 ./Core/Src/main.o
 .text.copy_itcm_func_to_ram
                0x080009c8       0x60 ./Core/Src/main.o
 .text.main     0x08000a28       0xfc ./Core/Src/main.o
                0x08000a28                main
 .text.SystemClock_Config
                0x08000b24       0xf4 ./Core/Src/main.o
                0x08000b24                SystemClock_Config
 .text.Error_Handler
                0x08000c18        0xc ./Core/Src/main.o
                0x08000c18                Error_Handler
 .text.HAL_MspInit
                0x08000c24       0x34 ./Core/Src/stm32h7xx_hal_msp.o
                0x08000c24                HAL_MspInit
 .text.NMI_Handler
                0x08000c58        0x8 ./Core/Src/stm32h7xx_it.o
                0x08000c58                NMI_Handler
 .text.HardFault_Handler
                0x08000c60        0x8 ./Core/Src/stm32h7xx_it.o
                0x08000c60                HardFault_Handler
 .text.MemManage_Handler
                0x08000c68        0x8 ./Core/Src/stm32h7xx_it.o
                0x08000c68                MemManage_Handler
 .text.BusFault_Handler
                0x08000c70        0x8 ./Core/Src/stm32h7xx_it.o
                0x08000c70                BusFault_Handler
 .text.UsageFault_Handler
                0x08000c78        0x8 ./Core/Src/stm32h7xx_it.o
                0x08000c78                UsageFault_Handler
 .text.SVC_Handler
                0x08000c80        0xe ./Core/Src/stm32h7xx_it.o
                0x08000c80                SVC_Handler
 .text.DebugMon_Handler
                0x08000c8e        0xe ./Core/Src/stm32h7xx_it.o
                0x08000c8e                DebugMon_Handler
 .text.PendSV_Handler
                0x08000c9c        0xe ./Core/Src/stm32h7xx_it.o
                0x08000c9c                PendSV_Handler
 .text.SysTick_Handler
                0x08000caa        0xc ./Core/Src/stm32h7xx_it.o
                0x08000caa                SysTick_Handler
 *fill*         0x08000cb6        0x2 
 .text._sbrk    0x08000cb8       0x6c ./Core/Src/sysmem.o
                0x08000cb8                _sbrk
 .text.MX_USART3_UART_Init
                0x08000d24       0x98 ./Core/Src/usart.o
                0x08000d24                MX_USART3_UART_Init
 .text.HAL_UART_MspInit
                0x08000dbc       0xd4 ./Core/Src/usart.o
                0x08000dbc                HAL_UART_MspInit
 .text.Reset_Handler
                0x08000e90       0x54 ./Core/Startup/startup_stm32h745xihx.o
                0x08000e90                Reset_Handler
 .text.Default_Handler
                0x08000ee4        0x2 ./Core/Startup/startup_stm32h745xihx.o
                0x08000ee4                RTC_Alarm_IRQHandler
                0x08000ee4                EXTI2_IRQHandler
                0x08000ee4                TIM8_CC_IRQHandler
                0x08000ee4                HRTIM1_Master_IRQHandler
                0x08000ee4                UART8_IRQHandler
                0x08000ee4                SPI4_IRQHandler
                0x08000ee4                TIM1_CC_IRQHandler
                0x08000ee4                BDMA_Channel6_IRQHandler
                0x08000ee4                DMA2_Stream5_IRQHandler
                0x08000ee4                HRTIM1_FLT_IRQHandler
                0x08000ee4                JPEG_IRQHandler
                0x08000ee4                DMA1_Stream5_IRQHandler
                0x08000ee4                BDMA_Channel1_IRQHandler
                0x08000ee4                HRTIM1_TIMD_IRQHandler
                0x08000ee4                TAMP_STAMP_IRQHandler
                0x08000ee4                EXTI3_IRQHandler
                0x08000ee4                LPTIM4_IRQHandler
                0x08000ee4                TIM8_TRG_COM_TIM14_IRQHandler
                0x08000ee4                LPTIM2_IRQHandler
                0x08000ee4                DFSDM1_FLT1_IRQHandler
                0x08000ee4                DMAMUX2_OVR_IRQHandler
                0x08000ee4                TIM8_UP_TIM13_IRQHandler
                0x08000ee4                I2C3_ER_IRQHandler
                0x08000ee4                DFSDM1_FLT2_IRQHandler
                0x08000ee4                MDMA_IRQHandler
                0x08000ee4                LPTIM3_IRQHandler
                0x08000ee4                HSEM1_IRQHandler
                0x08000ee4                EXTI0_IRQHandler
                0x08000ee4                I2C2_EV_IRQHandler
                0x08000ee4                DMA1_Stream2_IRQHandler
                0x08000ee4                FPU_IRQHandler
                0x08000ee4                OTG_HS_WKUP_IRQHandler
                0x08000ee4                FDCAN1_IT1_IRQHandler
                0x08000ee4                LTDC_ER_IRQHandler
                0x08000ee4                DMA2_Stream2_IRQHandler
                0x08000ee4                HRTIM1_TIME_IRQHandler
                0x08000ee4                SPI1_IRQHandler
                0x08000ee4                TIM6_DAC_IRQHandler
                0x08000ee4                DCMI_IRQHandler
                0x08000ee4                HRTIM1_TIMC_IRQHandler
                0x08000ee4                DMA2_Stream3_IRQHandler
                0x08000ee4                SAI2_IRQHandler
                0x08000ee4                DFSDM1_FLT3_IRQHandler
                0x08000ee4                USART6_IRQHandler
                0x08000ee4                TIM17_IRQHandler
                0x08000ee4                USART3_IRQHandler
                0x08000ee4                BDMA_Channel7_IRQHandler
                0x08000ee4                LPTIM5_IRQHandler
                0x08000ee4                UART5_IRQHandler
                0x08000ee4                ADC3_IRQHandler
                0x08000ee4                DMA2_Stream0_IRQHandler
                0x08000ee4                TIM4_IRQHandler
                0x08000ee4                BDMA_Channel2_IRQHandler
                0x08000ee4                QUADSPI_IRQHandler
                0x08000ee4                I2C1_EV_IRQHandler
                0x08000ee4                DMA1_Stream6_IRQHandler
                0x08000ee4                DMAMUX1_OVR_IRQHandler
                0x08000ee4                DMA1_Stream1_IRQHandler
                0x08000ee4                TIM16_IRQHandler
                0x08000ee4                UART4_IRQHandler
                0x08000ee4                BDMA_Channel5_IRQHandler
                0x08000ee4                TIM3_IRQHandler
                0x08000ee4                RCC_IRQHandler
                0x08000ee4                TIM8_BRK_TIM12_IRQHandler
                0x08000ee4                TIM1_TRG_COM_IRQHandler
                0x08000ee4                Default_Handler
                0x08000ee4                ECC_IRQHandler
                0x08000ee4                CEC_IRQHandler
                0x08000ee4                EXTI15_10_IRQHandler
                0x08000ee4                BDMA_Channel0_IRQHandler
                0x08000ee4                ADC_IRQHandler
                0x08000ee4                DMA1_Stream7_IRQHandler
                0x08000ee4                HRTIM1_TIMA_IRQHandler
                0x08000ee4                SPI5_IRQHandler
                0x08000ee4                TIM7_IRQHandler
                0x08000ee4                SDMMC1_IRQHandler
                0x08000ee4                TIM5_IRQHandler
                0x08000ee4                DMA2_Stream7_IRQHandler
                0x08000ee4                TIM15_IRQHandler
                0x08000ee4                PVD_AVD_IRQHandler
                0x08000ee4                I2C3_EV_IRQHandler
                0x08000ee4                EXTI9_5_IRQHandler
                0x08000ee4                RTC_WKUP_IRQHandler
                0x08000ee4                LTDC_IRQHandler
                0x08000ee4                SAI3_IRQHandler
                0x08000ee4                ETH_WKUP_IRQHandler
                0x08000ee4                SPDIF_RX_IRQHandler
                0x08000ee4                SPI2_IRQHandler
                0x08000ee4                OTG_HS_EP1_IN_IRQHandler
                0x08000ee4                DMA1_Stream0_IRQHandler
                0x08000ee4                CRS_IRQHandler
                0x08000ee4                CM7_SEV_IRQHandler
                0x08000ee4                EXTI4_IRQHandler
                0x08000ee4                RNG_IRQHandler
                0x08000ee4                CM4_SEV_IRQHandler
                0x08000ee4                HRTIM1_TIMB_IRQHandler
                0x08000ee4                FDCAN2_IT1_IRQHandler
                0x08000ee4                ETH_IRQHandler
                0x08000ee4                TIM1_UP_IRQHandler
                0x08000ee4                WWDG_RST_IRQHandler
                0x08000ee4                BDMA_Channel4_IRQHandler
                0x08000ee4                OTG_HS_EP1_OUT_IRQHandler
                0x08000ee4                WWDG_IRQHandler
                0x08000ee4                SPI6_IRQHandler
                0x08000ee4                MDIOS_IRQHandler
                0x08000ee4                I2C4_EV_IRQHandler
                0x08000ee4                FDCAN2_IT0_IRQHandler
                0x08000ee4                LPUART1_IRQHandler
                0x08000ee4                FDCAN1_IT0_IRQHandler
                0x08000ee4                TIM2_IRQHandler
                0x08000ee4                OTG_FS_WKUP_IRQHandler
                0x08000ee4                OTG_HS_IRQHandler
                0x08000ee4                HSEM2_IRQHandler
                0x08000ee4                DMA2D_IRQHandler
                0x08000ee4                TIM1_BRK_IRQHandler
                0x08000ee4                EXTI1_IRQHandler
                0x08000ee4                SDMMC2_IRQHandler
                0x08000ee4                OTG_FS_EP1_OUT_IRQHandler
                0x08000ee4                BDMA_Channel3_IRQHandler
                0x08000ee4                HOLD_CORE_IRQHandler
                0x08000ee4                UART7_IRQHandler
                0x08000ee4                MDIOS_WKUP_IRQHandler
                0x08000ee4                USART2_IRQHandler
                0x08000ee4                DFSDM1_FLT0_IRQHandler
                0x08000ee4                SAI4_IRQHandler
                0x08000ee4                I2C2_ER_IRQHandler
                0x08000ee4                DMA2_Stream1_IRQHandler
                0x08000ee4                FLASH_IRQHandler
                0x08000ee4                DMA2_Stream4_IRQHandler
                0x08000ee4                USART1_IRQHandler
                0x08000ee4                OTG_FS_IRQHandler
                0x08000ee4                SPI3_IRQHandler
                0x08000ee4                WAKEUP_PIN_IRQHandler
                0x08000ee4                DMA1_Stream4_IRQHandler
                0x08000ee4                OTG_FS_EP1_IN_IRQHandler
                0x08000ee4                I2C1_ER_IRQHandler
                0x08000ee4                FMC_IRQHandler
                0x08000ee4                FDCAN_CAL_IRQHandler
                0x08000ee4                SWPMI1_IRQHandler
                0x08000ee4                COMP1_IRQHandler
                0x08000ee4                LPTIM1_IRQHandler
                0x08000ee4                I2C4_ER_IRQHandler
                0x08000ee4                DMA2_Stream6_IRQHandler
                0x08000ee4                SAI1_IRQHandler
                0x08000ee4                DMA1_Stream3_IRQHandler
 *fill*         0x08000ee6        0x2 
 .text.HAL_Init
                0x08000ee8       0x78 ./Drivers/STM32H7xx_HAL_Driver/stm32h7xx_hal.o
                0x08000ee8                HAL_Init
 .text.HAL_InitTick
                0x08000f60       0x6c ./Drivers/STM32H7xx_HAL_Driver/stm32h7xx_hal.o
                0x08000f60                HAL_InitTick
 .text.HAL_IncTick
                0x08000fcc       0x28 ./Drivers/STM32H7xx_HAL_Driver/stm32h7xx_hal.o
                0x08000fcc                HAL_IncTick
 .text.HAL_GetTick
                0x08000ff4       0x18 ./Drivers/STM32H7xx_HAL_Driver/stm32h7xx_hal.o
                0x08000ff4                HAL_GetTick
 .text.HAL_Delay
                0x0800100c       0x48 ./Drivers/STM32H7xx_HAL_Driver/stm32h7xx_hal.o
                0x0800100c                HAL_Delay
 .text.HAL_GetREVID
                0x08001054       0x18 ./Drivers/STM32H7xx_HAL_Driver/stm32h7xx_hal.o
                0x08001054                HAL_GetREVID
 .text.__NVIC_SetPriorityGrouping
                0x0800106c       0x48 ./Drivers/STM32H7xx_HAL_Driver/stm32h7xx_hal_cortex.o
 .text.__NVIC_GetPriorityGrouping
                0x080010b4       0x1c ./Drivers/STM32H7xx_HAL_Driver/stm32h7xx_hal_cortex.o
 .text.__NVIC_SetPriority
                0x080010d0       0x54 ./Drivers/STM32H7xx_HAL_Driver/stm32h7xx_hal_cortex.o
 .text.NVIC_EncodePriority
                0x08001124       0x66 ./Drivers/STM32H7xx_HAL_Driver/stm32h7xx_hal_cortex.o
 *fill*         0x0800118a        0x2 
 .text.SysTick_Config
                0x0800118c       0x44 ./Drivers/STM32H7xx_HAL_Driver/stm32h7xx_hal_cortex.o
 .text.HAL_NVIC_SetPriorityGrouping
                0x080011d0       0x16 ./Drivers/STM32H7xx_HAL_Driver/stm32h7xx_hal_cortex.o
                0x080011d0                HAL_NVIC_SetPriorityGrouping
 .text.HAL_NVIC_SetPriority
                0x080011e6       0x34 ./Drivers/STM32H7xx_HAL_Driver/stm32h7xx_hal_cortex.o
                0x080011e6                HAL_NVIC_SetPriority
 .text.HAL_SYSTICK_Config
                0x0800121a       0x18 ./Drivers/STM32H7xx_HAL_Driver/stm32h7xx_hal_cortex.o
                0x0800121a                HAL_SYSTICK_Config
 *fill*         0x08001232        0x2 
 .text.HAL_GPIO_Init
                0x08001234      0x360 ./Drivers/STM32H7xx_HAL_Driver/stm32h7xx_hal_gpio.o
                0x08001234                HAL_GPIO_Init
 .text.HAL_GPIO_WritePin
                0x08001594       0x32 ./Drivers/STM32H7xx_HAL_Driver/stm32h7xx_hal_gpio.o
                0x08001594                HAL_GPIO_WritePin
 .text.HAL_GPIO_TogglePin
                0x080015c6       0x34 ./Drivers/STM32H7xx_HAL_Driver/stm32h7xx_hal_gpio.o
                0x080015c6                HAL_GPIO_TogglePin
 *fill*         0x080015fa        0x2 
 .text.HAL_HSEM_FastTake
                0x080015fc       0x34 ./Drivers/STM32H7xx_HAL_Driver/stm32h7xx_hal_hsem.o
                0x080015fc                HAL_HSEM_FastTake
 .text.HAL_HSEM_Release
                0x08001630       0x28 ./Drivers/STM32H7xx_HAL_Driver/stm32h7xx_hal_hsem.o
                0x08001630                HAL_HSEM_Release
 .text.HAL_PWREx_ConfigSupply
                0x08001658       0xb4 ./Drivers/STM32H7xx_HAL_Driver/stm32h7xx_hal_pwr_ex.o
                0x08001658                HAL_PWREx_ConfigSupply
 .text.HAL_RCC_OscConfig
                0x0800170c      0x8b4 ./Drivers/STM32H7xx_HAL_Driver/stm32h7xx_hal_rcc.o
                0x0800170c                HAL_RCC_OscConfig
 .text.HAL_RCC_ClockConfig
                0x08001fc0      0x36c ./Drivers/STM32H7xx_HAL_Driver/stm32h7xx_hal_rcc.o
                0x08001fc0                HAL_RCC_ClockConfig
 .text.HAL_RCC_GetSysClockFreq
                0x0800232c      0x2f4 ./Drivers/STM32H7xx_HAL_Driver/stm32h7xx_hal_rcc.o
                0x0800232c                HAL_RCC_GetSysClockFreq
 .text.HAL_RCC_GetHCLKFreq
                0x08002620       0x60 ./Drivers/STM32H7xx_HAL_Driver/stm32h7xx_hal_rcc.o
                0x08002620                HAL_RCC_GetHCLKFreq
 .text.HAL_RCC_GetPCLK1Freq
                0x08002680       0x2c ./Drivers/STM32H7xx_HAL_Driver/stm32h7xx_hal_rcc.o
                0x08002680                HAL_RCC_GetPCLK1Freq
 .text.HAL_RCC_GetPCLK2Freq
                0x080026ac       0x2c ./Drivers/STM32H7xx_HAL_Driver/stm32h7xx_hal_rcc.o
                0x080026ac                HAL_RCC_GetPCLK2Freq
 .text.HAL_RCCEx_PeriphCLKConfig
                0x080026d8     0x1414 ./Drivers/STM32H7xx_HAL_Driver/stm32h7xx_hal_rcc_ex.o
                0x080026d8                HAL_RCCEx_PeriphCLKConfig
 .text.HAL_RCCEx_GetD3PCLK1Freq
                0x08003aec       0x2c ./Drivers/STM32H7xx_HAL_Driver/stm32h7xx_hal_rcc_ex.o
                0x08003aec                HAL_RCCEx_GetD3PCLK1Freq
 .text.HAL_RCCEx_GetPLL2ClockFreq
                0x08003b18      0x2a8 ./Drivers/STM32H7xx_HAL_Driver/stm32h7xx_hal_rcc_ex.o
                0x08003b18                HAL_RCCEx_GetPLL2ClockFreq
 .text.HAL_RCCEx_GetPLL3ClockFreq
                0x08003dc0      0x2a8 ./Drivers/STM32H7xx_HAL_Driver/stm32h7xx_hal_rcc_ex.o
                0x08003dc0                HAL_RCCEx_GetPLL3ClockFreq
 .text.RCCEx_PLL2_Config
                0x08004068      0x164 ./Drivers/STM32H7xx_HAL_Driver/stm32h7xx_hal_rcc_ex.o
 .text.RCCEx_PLL3_Config
                0x080041cc      0x164 ./Drivers/STM32H7xx_HAL_Driver/stm32h7xx_hal_rcc_ex.o
 .text.HAL_UART_Init
                0x08004330       0xa0 ./Drivers/STM32H7xx_HAL_Driver/stm32h7xx_hal_uart.o
                0x08004330                HAL_UART_Init
 .text.HAL_UART_Transmit
                0x080043d0      0x11c ./Drivers/STM32H7xx_HAL_Driver/stm32h7xx_hal_uart.o
                0x080043d0                HAL_UART_Transmit
 .text.UART_SetConfig
                0x080044ec      0xad0 ./Drivers/STM32H7xx_HAL_Driver/stm32h7xx_hal_uart.o
                0x080044ec                UART_SetConfig
 .text.UART_AdvFeatureConfig
                0x08004fbc      0x144 ./Drivers/STM32H7xx_HAL_Driver/stm32h7xx_hal_uart.o
                0x08004fbc                UART_AdvFeatureConfig
 .text.UART_CheckIdleState
                0x08005100      0x154 ./Drivers/STM32H7xx_HAL_Driver/stm32h7xx_hal_uart.o
                0x08005100                UART_CheckIdleState
 .text.UART_WaitOnFlagUntilTimeout
                0x08005254       0xda ./Drivers/STM32H7xx_HAL_Driver/stm32h7xx_hal_uart.o
                0x08005254                UART_WaitOnFlagUntilTimeout
 *fill*         0x0800532e        0x2 
 .text.UART_EndRxTransfer
                0x08005330       0xcc ./Drivers/STM32H7xx_HAL_Driver/stm32h7xx_hal_uart.o
 .text.HAL_UARTEx_DisableFifoMode
                0x080053fc       0x72 ./Drivers/STM32H7xx_HAL_Driver/stm32h7xx_hal_uart_ex.o
                0x080053fc                HAL_UARTEx_DisableFifoMode
 .text.HAL_UARTEx_SetTxFifoThreshold
                0x0800546e       0x7c ./Drivers/STM32H7xx_HAL_Driver/stm32h7xx_hal_uart_ex.o
                0x0800546e                HAL_UARTEx_SetTxFifoThreshold
 .text.HAL_UARTEx_SetRxFifoThreshold
                0x080054ea       0x7c ./Drivers/STM32H7xx_HAL_Driver/stm32h7xx_hal_uart_ex.o
                0x080054ea                HAL_UARTEx_SetRxFifoThreshold
 *fill*         0x08005566        0x2 
 .text.UARTEx_SetNbDataToProcess
                0x08005568       0x9c ./Drivers/STM32H7xx_HAL_Driver/stm32h7xx_hal_uart_ex.o
 .text.sprintf  0x08005604       0x44 D:/ProgramFile/ST/STM32Cube/STM32CubeIDE_2.0.0/STM32CubeIDE/plugins/com.st.stm32cube.ide.mcu.externaltools.gnu-tools-for-stm32.13.3.rel1.win32_1.0.100.202509120712/tools/bin/../lib/gcc/arm-none-eabi/13.3.1/../../../../arm-none-eabi/lib/thumb/v7e-m+dp/hard\libc_nano.a(libc_a-sprintf.o)
                0x08005604                siprintf
                0x08005604                sprintf
 .text.memset   0x08005648       0x10 D:/ProgramFile/ST/STM32Cube/STM32CubeIDE_2.0.0/STM32CubeIDE/plugins/com.st.stm32cube.ide.mcu.externaltools.gnu-tools-for-stm32.13.3.rel1.win32_1.0.100.202509120712/tools/bin/../lib/gcc/arm-none-eabi/13.3.1/../../../../arm-none-eabi/lib/thumb/v7e-m+dp/hard\libc_nano.a(libc_a-memset.o)
                0x08005648                memset
 .text.__errno  0x08005658        0xc D:/ProgramFile/ST/STM32Cube/STM32CubeIDE_2.0.0/STM32CubeIDE/plugins/com.st.stm32cube.ide.mcu.externaltools.gnu-tools-for-stm32.13.3.rel1.win32_1.0.100.202509120712/tools/bin/../lib/gcc/arm-none-eabi/13.3.1/../../../../arm-none-eabi/lib/thumb/v7e-m+dp/hard\libc_nano.a(libc_a-errno.o)
                0x08005658                __errno
 .text.__libc_init_array
                0x08005664       0x48 D:/ProgramFile/ST/STM32Cube/STM32CubeIDE_2.0.0/STM32CubeIDE/plugins/com.st.stm32cube.ide.mcu.externaltools.gnu-tools-for-stm32.13.3.rel1.win32_1.0.100.202509120712/tools/bin/../lib/gcc/arm-none-eabi/13.3.1/../../../../arm-none-eabi/lib/thumb/v7e-m+dp/hard\libc_nano.a(libc_a-init.o)
                0x08005664                __libc_init_array
 .text.__retarget_lock_acquire_recursive
                0x080056ac        0x2 D:/ProgramFile/ST/STM32Cube/STM32CubeIDE_2.0.0/STM32CubeIDE/plugins/com.st.stm32cube.ide.mcu.externaltools.gnu-tools-for-stm32.13.3.rel1.win32_1.0.100.202509120712/tools/bin/../lib/gcc/arm-none-eabi/13.3.1/../../../../arm-none-eabi/lib/thumb/v7e-m+dp/hard\libc_nano.a(libc_a-lock.o)
                0x080056ac                __retarget_lock_acquire_recursive
 .text.__retarget_lock_release_recursive
                0x080056ae        0x2 D:/ProgramFile/ST/STM32Cube/STM32CubeIDE_2.0.0/STM32CubeIDE/plugins/com.st.stm32cube.ide.mcu.externaltools.gnu-tools-for-stm32.13.3.rel1.win32_1.0.100.202509120712/tools/bin/../lib/gcc/arm-none-eabi/13.3.1/../../../../arm-none-eabi/lib/thumb/v7e-m+dp/hard\libc_nano.a(libc_a-lock.o)
                0x080056ae                __retarget_lock_release_recursive
 .text._free_r  0x080056b0       0x94 D:/ProgramFile/ST/STM32Cube/STM32CubeIDE_2.0.0/STM32CubeIDE/plugins/com.st.stm32cube.ide.mcu.externaltools.gnu-tools-for-stm32.13.3.rel1.win32_1.0.100.202509120712/tools/bin/../lib/gcc/arm-none-eabi/13.3.1/../../../../arm-none-eabi/lib/thumb/v7e-m+dp/hard\libc_nano.a(libc_a-freer.o)
                0x080056b0                _free_r
 .text.sbrk_aligned
                0x08005744       0x44 D:/ProgramFile/ST/STM32Cube/STM32CubeIDE_2.0.0/STM32CubeIDE/plugins/com.st.stm32cube.ide.mcu.externaltools.gnu-tools-for-stm32.13.3.rel1.win32_1.0.100.202509120712/tools/bin/../lib/gcc/arm-none-eabi/13.3.1/../../../../arm-none-eabi/lib/thumb/v7e-m+dp/hard\libc_nano.a(libc_a-mallocr.o)
 .text._malloc_r
                0x08005788      0x100 D:/ProgramFile/ST/STM32Cube/STM32CubeIDE_2.0.0/STM32CubeIDE/plugins/com.st.stm32cube.ide.mcu.externaltools.gnu-tools-for-stm32.13.3.rel1.win32_1.0.100.202509120712/tools/bin/../lib/gcc/arm-none-eabi/13.3.1/../../../../arm-none-eabi/lib/thumb/v7e-m+dp/hard\libc_nano.a(libc_a-mallocr.o)
                0x08005788                _malloc_r
 .text.__malloc_lock
                0x08005888        0xc D:/ProgramFile/ST/STM32Cube/STM32CubeIDE_2.0.0/STM32CubeIDE/plugins/com.st.stm32cube.ide.mcu.externaltools.gnu-tools-for-stm32.13.3.rel1.win32_1.0.100.202509120712/tools/bin/../lib/gcc/arm-none-eabi/13.3.1/../../../../arm-none-eabi/lib/thumb/v7e-m+dp/hard\libc_nano.a(libc_a-mlock.o)
                0x08005888                __malloc_lock
 .text.__malloc_unlock
                0x08005894        0xc D:/ProgramFile/ST/STM32Cube/STM32CubeIDE_2.0.0/STM32CubeIDE/plugins/com.st.stm32cube.ide.mcu.externaltools.gnu-tools-for-stm32.13.3.rel1.win32_1.0.100.202509120712/tools/bin/../lib/gcc/arm-none-eabi/13.3.1/../../../../arm-none-eabi/lib/thumb/v7e-m+dp/hard\libc_nano.a(libc_a-mlock.o)
                0x08005894                __malloc_unlock
 .text.__ssputs_r
                0x080058a0       0xb6 D:/ProgramFile/ST/STM32Cube/STM32CubeIDE_2.0.0/STM32CubeIDE/plugins/com.st.stm32cube.ide.mcu.externaltools.gnu-tools-for-stm32.13.3.rel1.win32_1.0.100.202509120712/tools/bin/../lib/gcc/arm-none-eabi/13.3.1/../../../../arm-none-eabi/lib/thumb/v7e-m+dp/hard\libc_nano.a(libc_a-nano-svfprintf.o)
                0x080058a0                __ssputs_r
 *fill*         0x08005956        0x2 
 .text._svfprintf_r
                0x08005958      0x1f8 D:/ProgramFile/ST/STM32Cube/STM32CubeIDE_2.0.0/STM32CubeIDE/plugins/com.st.stm32cube.ide.mcu.externaltools.gnu-tools-for-stm32.13.3.rel1.win32_1.0.100.202509120712/tools/bin/../lib/gcc/arm-none-eabi/13.3.1/../../../../arm-none-eabi/lib/thumb/v7e-m+dp/hard\libc_nano.a(libc_a-nano-svfprintf.o)
                0x08005958                _svfiprintf_r
                0x08005958                _svfprintf_r
 .text._printf_common
                0x08005b50       0xda D:/ProgramFile/ST/STM32Cube/STM32CubeIDE_2.0.0/STM32CubeIDE/plugins/com.st.stm32cube.ide.mcu.externaltools.gnu-tools-for-stm32.13.3.rel1.win32_1.0.100.202509120712/tools/bin/../lib/gcc/arm-none-eabi/13.3.1/../../../../arm-none-eabi/lib/thumb/v7e-m+dp/hard\libc_nano.a(libc_a-nano-vfprintf_i.o)
                0x08005b50                _printf_common
 *fill*         0x08005c2a        0x2 
 .text._printf_i
                0x08005c2c      0x23c D:/ProgramFile/ST/STM32Cube/STM32CubeIDE_2.0.0/STM32CubeIDE/plugins/com.st.stm32cube.ide.mcu.externaltools.gnu-tools-for-stm32.13.3.rel1.win32_1.0.100.202509120712/tools/bin/../lib/gcc/arm-none-eabi/13.3.1/../../../../arm-none-eabi/lib/thumb/v7e-m+dp/hard\libc_nano.a(libc_a-nano-vfprintf_i.o)
                0x08005c2c                _printf_i
 .text.memmove  0x08005e68       0x34 D:/ProgramFile/ST/STM32Cube/STM32CubeIDE_2.0.0/STM32CubeIDE/plugins/com.st.stm32cube.ide.mcu.externaltools.gnu-tools-for-stm32.13.3.rel1.win32_1.0.100.202509120712/tools/bin/../lib/gcc/arm-none-eabi/13.3.1/../../../../arm-none-eabi/lib/thumb/v7e-m+dp/hard\libc_nano.a(libc_a-memmove.o)
                0x08005e68                memmove
 .text._sbrk_r  0x08005e9c       0x20 D:/ProgramFile/ST/STM32Cube/STM32CubeIDE_2.0.0/STM32CubeIDE/plugins/com.st.stm32cube.ide.mcu.externaltools.gnu-tools-for-stm32.13.3.rel1.win32_1.0.100.202509120712/tools/bin/../lib/gcc/arm-none-eabi/13.3.1/../../../../arm-none-eabi/lib/thumb/v7e-m+dp/hard\libc_nano.a(libc_a-sbrkr.o)
                0x08005e9c                _sbrk_r
 .text.memcpy   0x08005ebc       0x1c D:/ProgramFile/ST/STM32Cube/STM32CubeIDE_2.0.0/STM32CubeIDE/plugins/com.st.stm32cube.ide.mcu.externaltools.gnu-tools-for-stm32.13.3.rel1.win32_1.0.100.202509120712/tools/bin/../lib/gcc/arm-none-eabi/13.3.1/../../../../arm-none-eabi/lib/thumb/v7e-m+dp/hard\libc_nano.a(libc_a-memcpy-stub.o)
                0x08005ebc                memcpy
 .text._realloc_r
                0x08005ed8       0x5c D:/ProgramFile/ST/STM32Cube/STM32CubeIDE_2.0.0/STM32CubeIDE/plugins/com.st.stm32cube.ide.mcu.externaltools.gnu-tools-for-stm32.13.3.rel1.win32_1.0.100.202509120712/tools/bin/../lib/gcc/arm-none-eabi/13.3.1/../../../../arm-none-eabi/lib/thumb/v7e-m+dp/hard\libc_nano.a(libc_a-reallocr.o)
                0x08005ed8                _realloc_r
 .text._malloc_usable_size_r
                0x08005f34       0x10 D:/ProgramFile/ST/STM32Cube/STM32CubeIDE_2.0.0/STM32CubeIDE/plugins/com.st.stm32cube.ide.mcu.externaltools.gnu-tools-for-stm32.13.3.rel1.win32_1.0.100.202509120712/tools/bin/../lib/gcc/arm-none-eabi/13.3.1/../../../../arm-none-eabi/lib/thumb/v7e-m+dp/hard\libc_nano.a(libc_a-msizer.o)
                0x08005f34                _malloc_usable_size_r
 *(.glue_7)
 .glue_7        0x08005f44        0x0 linker stubs
 *(.glue_7t)
 .glue_7t       0x08005f44        0x0 linker stubs
 *(.eh_frame)
 .eh_frame      0x08005f44        0x0 D:/ProgramFile/ST/STM32Cube/STM32CubeIDE_2.0.0/STM32CubeIDE/plugins/com.st.stm32cube.ide.mcu.externaltools.gnu-tools-for-stm32.13.3.rel1.win32_1.0.100.202509120712/tools/bin/../lib/gcc/arm-none-eabi/13.3.1/thumb/v7e-m+dp/hard/crtbegin.o
 *(.init)
 .init          0x08005f44        0x4 D:/ProgramFile/ST/STM32Cube/STM32CubeIDE_2.0.0/STM32CubeIDE/plugins/com.st.stm32cube.ide.mcu.externaltools.gnu-tools-for-stm32.13.3.rel1.win32_1.0.100.202509120712/tools/bin/../lib/gcc/arm-none-eabi/13.3.1/thumb/v7e-m+dp/hard/crti.o
                0x08005f44                _init
 .init          0x08005f48        0x8 D:/ProgramFile/ST/STM32Cube/STM32CubeIDE_2.0.0/STM32CubeIDE/plugins/com.st.stm32cube.ide.mcu.externaltools.gnu-tools-for-stm32.13.3.rel1.win32_1.0.100.202509120712/tools/bin/../lib/gcc/arm-none-eabi/13.3.1/thumb/v7e-m+dp/hard/crtn.o
 *(.fini)
 .fini          0x08005f50        0x4 D:/ProgramFile/ST/STM32Cube/STM32CubeIDE_2.0.0/STM32CubeIDE/plugins/com.st.stm32cube.ide.mcu.externaltools.gnu-tools-for-stm32.13.3.rel1.win32_1.0.100.202509120712/tools/bin/../lib/gcc/arm-none-eabi/13.3.1/thumb/v7e-m+dp/hard/crti.o
                0x08005f50                _fini
 .fini          0x08005f54        0x8 D:/ProgramFile/ST/STM32Cube/STM32CubeIDE_2.0.0/STM32CubeIDE/plugins/com.st.stm32cube.ide.mcu.externaltools.gnu-tools-for-stm32.13.3.rel1.win32_1.0.100.202509120712/tools/bin/../lib/gcc/arm-none-eabi/13.3.1/thumb/v7e-m+dp/hard/crtn.o
 *fill*         0x08005f5c        0x4 
 .fini.__stub   0x08005f60        0x8 linker stubs
                0x08005f68                        . = ALIGN (0x4)
                0x08005f68                        _etext = .

.vfp11_veneer   0x08005f68        0x0
 .vfp11_veneer  0x08005f68        0x0 linker stubs

.v4_bx          0x08005f68        0x0
 .v4_bx         0x08005f68        0x0 linker stubs

.iplt           0x08005f68        0x0
 .iplt          0x08005f68        0x0 D:/ProgramFile/ST/STM32Cube/STM32CubeIDE_2.0.0/STM32CubeIDE/plugins/com.st.stm32cube.ide.mcu.externaltools.gnu-tools-for-stm32.13.3.rel1.win32_1.0.100.202509120712/tools/bin/../lib/gcc/arm-none-eabi/13.3.1/thumb/v7e-m+dp/hard/crtbegin.o

.rodata         0x08005f68       0x94
                0x08005f68                        . = ALIGN (0x4)
 *(.rodata)
 .rodata        0x08005f68       0x28 ./Core/Src/main.o
 *(.rodata*)
 .rodata.D1CorePrescTable
                0x08005f90       0x10 ./Common/Src/system_stm32h7xx_dualcore_boot_cm4_cm7.o
                0x08005f90                D1CorePrescTable
 .rodata.UARTPrescTable
                0x08005fa0       0x18 ./Drivers/STM32H7xx_HAL_Driver/stm32h7xx_hal_uart.o
                0x08005fa0                UARTPrescTable
 .rodata.numerator.1
                0x08005fb8        0x8 ./Drivers/STM32H7xx_HAL_Driver/stm32h7xx_hal_uart_ex.o
 .rodata.denominator.0
                0x08005fc0        0x8 ./Drivers/STM32H7xx_HAL_Driver/stm32h7xx_hal_uart_ex.o
 .rodata._svfprintf_r.str1.1
                0x08005fc8       0x33 D:/ProgramFile/ST/STM32Cube/STM32CubeIDE_2.0.0/STM32CubeIDE/plugins/com.st.stm32cube.ide.mcu.externaltools.gnu-tools-for-stm32.13.3.rel1.win32_1.0.100.202509120712/tools/bin/../lib/gcc/arm-none-eabi/13.3.1/../../../../arm-none-eabi/lib/thumb/v7e-m+dp/hard\libc_nano.a(libc_a-nano-svfprintf.o)
                                 0x11 (size before relaxing)
 .rodata._printf_i.str1.1
                0x08005ffb        0x0 D:/ProgramFile/ST/STM32Cube/STM32CubeIDE_2.0.0/STM32CubeIDE/plugins/com.st.stm32cube.ide.mcu.externaltools.gnu-tools-for-stm32.13.3.rel1.win32_1.0.100.202509120712/tools/bin/../lib/gcc/arm-none-eabi/13.3.1/../../../../arm-none-eabi/lib/thumb/v7e-m+dp/hard\libc_nano.a(libc_a-nano-vfprintf_i.o)
                                 0x22 (size before relaxing)
                0x08005ffc                        . = ALIGN (0x4)
 *fill*         0x08005ffb        0x1 

.ARM.extab      0x08005ffc        0x0
                0x08005ffc                        . = ALIGN (0x4)
 *(.ARM.extab* .gnu.linkonce.armextab.*)
                0x08005ffc                        . = ALIGN (0x4)

.ARM            0x08005ffc        0x8
                0x08005ffc                        . = ALIGN (0x4)
                0x08005ffc                        __exidx_start = .
 *(.ARM.exidx*)
 .ARM.exidx     0x08005ffc        0x8 D:/ProgramFile/ST/STM32Cube/STM32CubeIDE_2.0.0/STM32CubeIDE/plugins/com.st.stm32cube.ide.mcu.externaltools.gnu-tools-for-stm32.13.3.rel1.win32_1.0.100.202509120712/tools/bin/../lib/gcc/arm-none-eabi/13.3.1/../../../../arm-none-eabi/lib/thumb/v7e-m+dp/hard\libc_nano.a(libc_a-memchr.o)
 .ARM.exidx     0x08006004        0x0 D:/ProgramFile/ST/STM32Cube/STM32CubeIDE_2.0.0/STM32CubeIDE/plugins/com.st.stm32cube.ide.mcu.externaltools.gnu-tools-for-stm32.13.3.rel1.win32_1.0.100.202509120712/tools/bin/../lib/gcc/arm-none-eabi/13.3.1/thumb/v7e-m+dp/hard\libgcc.a(_udivmoddi4.o)
                                  0x8 (size before relaxing)
                0x08006004                        __exidx_end = .
                0x08006004                        . = ALIGN (0x4)

.preinit_array  0x08006004        0x0
                0x08006004                        . = ALIGN (0x4)
                0x08006004                        PROVIDE (__preinit_array_start = .)
 *(.preinit_array*)
                0x08006004                        PROVIDE (__preinit_array_end = .)
                0x08006004                        . = ALIGN (0x4)

.init_array     0x08006004        0x4
                0x08006004                        . = ALIGN (0x4)
                0x08006004                        PROVIDE (__init_array_start = .)
 *(SORT_BY_NAME(.init_array.*))
 *(.init_array*)
 .init_array    0x08006004        0x4 D:/ProgramFile/ST/STM32Cube/STM32CubeIDE_2.0.0/STM32CubeIDE/plugins/com.st.stm32cube.ide.mcu.externaltools.gnu-tools-for-stm32.13.3.rel1.win32_1.0.100.202509120712/tools/bin/../lib/gcc/arm-none-eabi/13.3.1/thumb/v7e-m+dp/hard/crtbegin.o
                0x08006008                        PROVIDE (__init_array_end = .)
                0x08006008                        . = ALIGN (0x4)

.fini_array     0x08006008        0x4
                0x08006008                        . = ALIGN (0x4)
                [!provide]                        PROVIDE (__fini_array_start = .)
 *(SORT_BY_NAME(.fini_array.*))
 *(.fini_array*)
 .fini_array    0x08006008        0x4 D:/ProgramFile/ST/STM32Cube/STM32CubeIDE_2.0.0/STM32CubeIDE/plugins/com.st.stm32cube.ide.mcu.externaltools.gnu-tools-for-stm32.13.3.rel1.win32_1.0.100.202509120712/tools/bin/../lib/gcc/arm-none-eabi/13.3.1/thumb/v7e-m+dp/hard/crtbegin.o
                [!provide]                        PROVIDE (__fini_array_end = .)
                0x0800600c                        . = ALIGN (0x4)
                0x0800600c                        _sidata = LOADADDR (.data)

.rel.dyn        0x0800600c        0x0
 .rel.iplt      0x0800600c        0x0 D:/ProgramFile/ST/STM32Cube/STM32CubeIDE_2.0.0/STM32CubeIDE/plugins/com.st.stm32cube.ide.mcu.externaltools.gnu-tools-for-stm32.13.3.rel1.win32_1.0.100.202509120712/tools/bin/../lib/gcc/arm-none-eabi/13.3.1/thumb/v7e-m+dp/hard/crtbegin.o

.data           0x24000000       0x60 load address 0x0800600c
                0x24000000                        . = ALIGN (0x4)
                0x24000000                        _sdata = .
 *(.data)
 *(.data*)
 .data.SystemCoreClock
                0x24000000        0x4 ./Common/Src/system_stm32h7xx_dualcore_boot_cm4_cm7.o
                0x24000000                SystemCoreClock
 .data.SystemD2Clock
                0x24000004        0x4 ./Common/Src/system_stm32h7xx_dualcore_boot_cm4_cm7.o
                0x24000004                SystemD2Clock
 .data.uwTickPrio
                0x24000008        0x4 ./Drivers/STM32H7xx_HAL_Driver/stm32h7xx_hal.o
                0x24000008                uwTickPrio
 .data.uwTickFreq
                0x2400000c        0x1 ./Drivers/STM32H7xx_HAL_Driver/stm32h7xx_hal.o
                0x2400000c                uwTickFreq
 *fill*         0x2400000d        0x3 
 .data._impure_ptr
                0x24000010        0x4 D:/ProgramFile/ST/STM32Cube/STM32CubeIDE_2.0.0/STM32CubeIDE/plugins/com.st.stm32cube.ide.mcu.externaltools.gnu-tools-for-stm32.13.3.rel1.win32_1.0.100.202509120712/tools/bin/../lib/gcc/arm-none-eabi/13.3.1/../../../../arm-none-eabi/lib/thumb/v7e-m+dp/hard\libc_nano.a(libc_a-impure.o)
                0x24000010                _impure_ptr
 .data._impure_data
                0x24000014       0x4c D:/ProgramFile/ST/STM32Cube/STM32CubeIDE_2.0.0/STM32CubeIDE/plugins/com.st.stm32cube.ide.mcu.externaltools.gnu-tools-for-stm32.13.3.rel1.win32_1.0.100.202509120712/tools/bin/../lib/gcc/arm-none-eabi/13.3.1/../../../../arm-none-eabi/lib/thumb/v7e-m+dp/hard\libc_nano.a(libc_a-impure.o)
                0x24000014                _impure_data
 *(.RamFunc)
 *(.RamFunc*)
                0x24000060                        . = ALIGN (0x4)
                0x24000060                        _edata = .

.igot.plt       0x24000060        0x0 load address 0x0800606c
 .igot.plt      0x24000060        0x0 D:/ProgramFile/ST/STM32Cube/STM32CubeIDE_2.0.0/STM32CubeIDE/plugins/com.st.stm32cube.ide.mcu.externaltools.gnu-tools-for-stm32.13.3.rel1.win32_1.0.100.202509120712/tools/bin/../lib/gcc/arm-none-eabi/13.3.1/thumb/v7e-m+dp/hard/crtbegin.o
                0x24000060                        . = ALIGN (0x4)

.bss            0x24000060      0x268 load address 0x0800606c
                0x24000060                        _sbss = .
                0x24000060                        __bss_start__ = _sbss
 *(.bss)
 .bss           0x24000060       0x1c D:/ProgramFile/ST/STM32Cube/STM32CubeIDE_2.0.0/STM32CubeIDE/plugins/com.st.stm32cube.ide.mcu.externaltools.gnu-tools-for-stm32.13.3.rel1.win32_1.0.100.202509120712/tools/bin/../lib/gcc/arm-none-eabi/13.3.1/thumb/v7e-m+dp/hard/crtbegin.o
 *(.bss*)
 .bss.str1      0x2400007c       0x32 ./Core/Src/main.o
                0x2400007c                str1
 *fill*         0x240000ae        0x2 
 .bss.str2      0x240000b0       0x32 ./Core/Src/main.o
                0x240000b0                str2
 *fill*         0x240000e2        0x2 
 .bss.__sbrk_heap_end
                0x240000e4        0x4 ./Core/Src/sysmem.o
 .bss.huart3    0x240000e8       0x94 ./Core/Src/usart.o
                0x240000e8                huart3
 .bss.uwTick    0x2400017c        0x4 ./Drivers/STM32H7xx_HAL_Driver/stm32h7xx_hal.o
                0x2400017c                uwTick
 .bss.__sf      0x24000180      0x138 D:/ProgramFile/ST/STM32Cube/STM32CubeIDE_2.0.0/STM32CubeIDE/plugins/com.st.stm32cube.ide.mcu.externaltools.gnu-tools-for-stm32.13.3.rel1.win32_1.0.100.202509120712/tools/bin/../lib/gcc/arm-none-eabi/13.3.1/../../../../arm-none-eabi/lib/thumb/v7e-m+dp/hard\libc_nano.a(libc_a-findfp.o)
                0x24000180                __sf
 .bss.errno     0x240002b8        0x4 D:/ProgramFile/ST/STM32Cube/STM32CubeIDE_2.0.0/STM32CubeIDE/plugins/com.st.stm32cube.ide.mcu.externaltools.gnu-tools-for-stm32.13.3.rel1.win32_1.0.100.202509120712/tools/bin/../lib/gcc/arm-none-eabi/13.3.1/../../../../arm-none-eabi/lib/thumb/v7e-m+dp/hard\libc_nano.a(libc_a-reent.o)
                0x240002b8                errno
 .bss.__lock___malloc_recursive_mutex
                0x240002bc        0x1 D:/ProgramFile/ST/STM32Cube/STM32CubeIDE_2.0.0/STM32CubeIDE/plugins/com.st.stm32cube.ide.mcu.externaltools.gnu-tools-for-stm32.13.3.rel1.win32_1.0.100.202509120712/tools/bin/../lib/gcc/arm-none-eabi/13.3.1/../../../../arm-none-eabi/lib/thumb/v7e-m+dp/hard\libc_nano.a(libc_a-lock.o)
                0x240002bc                __lock___malloc_recursive_mutex
 *fill*         0x240002bd        0x3 
 .bss.__malloc_sbrk_start
                0x240002c0        0x4 D:/ProgramFile/ST/STM32Cube/STM32CubeIDE_2.0.0/STM32CubeIDE/plugins/com.st.stm32cube.ide.mcu.externaltools.gnu-tools-for-stm32.13.3.rel1.win32_1.0.100.202509120712/tools/bin/../lib/gcc/arm-none-eabi/13.3.1/../../../../arm-none-eabi/lib/thumb/v7e-m+dp/hard\libc_nano.a(libc_a-mallocr.o)
                0x240002c0                __malloc_sbrk_start
 .bss.__malloc_free_list
                0x240002c4        0x4 D:/ProgramFile/ST/STM32Cube/STM32CubeIDE_2.0.0/STM32CubeIDE/plugins/com.st.stm32cube.ide.mcu.externaltools.gnu-tools-for-stm32.13.3.rel1.win32_1.0.100.202509120712/tools/bin/../lib/gcc/arm-none-eabi/13.3.1/../../../../arm-none-eabi/lib/thumb/v7e-m+dp/hard\libc_nano.a(libc_a-mallocr.o)
                0x240002c4                __malloc_free_list
 *(COMMON)
                0x240002c8                        . = ALIGN (0x4)
                0x240002c8                        _ebss = .
                0x240002c8                        __bss_end__ = _ebss

._user_heap_stack
                0x240002c8      0x600 load address 0x0800606c
                0x240002c8                        . = ALIGN (0x8)
                [!provide]                        PROVIDE (end = .)
                0x240002c8                        PROVIDE (_end = .)
                0x240004c8                        . = (. + _Min_Heap_Size)
 *fill*         0x240002c8      0x200 
                0x240008c8                        . = (. + _Min_Stack_Size)
 *fill*         0x240004c8      0x400 
                0x240008c8                        . = ALIGN (0x8)

/DISCARD/
 libc.a(*)
 libm.a(*)
 libgcc.a(*)

.ARM.attributes
                0x00000000       0x2e
 *(.ARM.attributes)
 .ARM.attributes
                0x00000000       0x20 D:/ProgramFile/ST/STM32Cube/STM32CubeIDE_2.0.0/STM32CubeIDE/plugins/com.st.stm32cube.ide.mcu.externaltools.gnu-tools-for-stm32.13.3.rel1.win32_1.0.100.202509120712/tools/bin/../lib/gcc/arm-none-eabi/13.3.1/thumb/v7e-m+dp/hard/crti.o
 .ARM.attributes
                0x00000020       0x32 D:/ProgramFile/ST/STM32Cube/STM32CubeIDE_2.0.0/STM32CubeIDE/plugins/com.st.stm32cube.ide.mcu.externaltools.gnu-tools-for-stm32.13.3.rel1.win32_1.0.100.202509120712/tools/bin/../lib/gcc/arm-none-eabi/13.3.1/thumb/v7e-m+dp/hard/crtbegin.o
 .ARM.attributes
                0x00000052       0x32 ./Common/Src/system_stm32h7xx_dualcore_boot_cm4_cm7.o
 .ARM.attributes
                0x00000084       0x32 ./Core/Src/gpio.o
 .ARM.attributes
                0x000000b6       0x32 ./Core/Src/main.o
 .ARM.attributes
                0x000000e8       0x32 ./Core/Src/stm32h7xx_hal_msp.o
 .ARM.attributes
                0x0000011a       0x32 ./Core/Src/stm32h7xx_it.o
 .ARM.attributes
                0x0000014c       0x32 ./Core/Src/sysmem.o
 .ARM.attributes
                0x0000017e       0x32 ./Core/Src/usart.o
 .ARM.attributes
                0x000001b0       0x21 ./Core/Startup/startup_stm32h745xihx.o
 .ARM.attributes
                0x000001d1       0x32 ./Drivers/STM32H7xx_HAL_Driver/stm32h7xx_hal.o
 .ARM.attributes
                0x00000203       0x32 ./Drivers/STM32H7xx_HAL_Driver/stm32h7xx_hal_cortex.o
 .ARM.attributes
                0x00000235       0x32 ./Drivers/STM32H7xx_HAL_Driver/stm32h7xx_hal_gpio.o
 .ARM.attributes
                0x00000267       0x32 ./Drivers/STM32H7xx_HAL_Driver/stm32h7xx_hal_hsem.o
 .ARM.attributes
                0x00000299       0x32 ./Drivers/STM32H7xx_HAL_Driver/stm32h7xx_hal_pwr_ex.o
 .ARM.attributes
                0x000002cb       0x32 ./Drivers/STM32H7xx_HAL_Driver/stm32h7xx_hal_rcc.o
 .ARM.attributes
                0x000002fd       0x32 ./Drivers/STM32H7xx_HAL_Driver/stm32h7xx_hal_rcc_ex.o
 .ARM.attributes
                0x0000032f       0x32 ./Drivers/STM32H7xx_HAL_Driver/stm32h7xx_hal_uart.o
 .ARM.attributes
                0x00000361       0x32 ./Drivers/STM32H7xx_HAL_Driver/stm32h7xx_hal_uart_ex.o
 .ARM.attributes
                0x00000393       0x32 D:/ProgramFile/ST/STM32Cube/STM32CubeIDE_2.0.0/STM32CubeIDE/plugins/com.st.stm32cube.ide.mcu.externaltools.gnu-tools-for-stm32.13.3.rel1.win32_1.0.100.202509120712/tools/bin/../lib/gcc/arm-none-eabi/13.3.1/../../../../arm-none-eabi/lib/thumb/v7e-m+dp/hard\libc_nano.a(libc_a-findfp.o)
 .ARM.attributes
                0x000003c5       0x32 D:/ProgramFile/ST/STM32Cube/STM32CubeIDE_2.0.0/STM32CubeIDE/plugins/com.st.stm32cube.ide.mcu.externaltools.gnu-tools-for-stm32.13.3.rel1.win32_1.0.100.202509120712/tools/bin/../lib/gcc/arm-none-eabi/13.3.1/../../../../arm-none-eabi/lib/thumb/v7e-m+dp/hard\libc_nano.a(libc_a-sprintf.o)
 .ARM.attributes
                0x000003f7       0x32 D:/ProgramFile/ST/STM32Cube/STM32CubeIDE_2.0.0/STM32CubeIDE/plugins/com.st.stm32cube.ide.mcu.externaltools.gnu-tools-for-stm32.13.3.rel1.win32_1.0.100.202509120712/tools/bin/../lib/gcc/arm-none-eabi/13.3.1/../../../../arm-none-eabi/lib/thumb/v7e-m+dp/hard\libc_nano.a(libc_a-memset.o)
 .ARM.attributes
                0x00000429       0x32 D:/ProgramFile/ST/STM32Cube/STM32CubeIDE_2.0.0/STM32CubeIDE/plugins/com.st.stm32cube.ide.mcu.externaltools.gnu-tools-for-stm32.13.3.rel1.win32_1.0.100.202509120712/tools/bin/../lib/gcc/arm-none-eabi/13.3.1/../../../../arm-none-eabi/lib/thumb/v7e-m+dp/hard\libc_nano.a(libc_a-reent.o)
 .ARM.attributes
                0x0000045b       0x32 D:/ProgramFile/ST/STM32Cube/STM32CubeIDE_2.0.0/STM32CubeIDE/plugins/com.st.stm32cube.ide.mcu.externaltools.gnu-tools-for-stm32.13.3.rel1.win32_1.0.100.202509120712/tools/bin/../lib/gcc/arm-none-eabi/13.3.1/../../../../arm-none-eabi/lib/thumb/v7e-m+dp/hard\libc_nano.a(libc_a-impure.o)
 .ARM.attributes
                0x0000048d       0x32 D:/ProgramFile/ST/STM32Cube/STM32CubeIDE_2.0.0/STM32CubeIDE/plugins/com.st.stm32cube.ide.mcu.externaltools.gnu-tools-for-stm32.13.3.rel1.win32_1.0.100.202509120712/tools/bin/../lib/gcc/arm-none-eabi/13.3.1/../../../../arm-none-eabi/lib/thumb/v7e-m+dp/hard\libc_nano.a(libc_a-errno.o)
 .ARM.attributes
                0x000004bf       0x32 D:/ProgramFile/ST/STM32Cube/STM32CubeIDE_2.0.0/STM32CubeIDE/plugins/com.st.stm32cube.ide.mcu.externaltools.gnu-tools-for-stm32.13.3.rel1.win32_1.0.100.202509120712/tools/bin/../lib/gcc/arm-none-eabi/13.3.1/../../../../arm-none-eabi/lib/thumb/v7e-m+dp/hard\libc_nano.a(libc_a-init.o)
 .ARM.attributes
                0x000004f1       0x32 D:/ProgramFile/ST/STM32Cube/STM32CubeIDE_2.0.0/STM32CubeIDE/plugins/com.st.stm32cube.ide.mcu.externaltools.gnu-tools-for-stm32.13.3.rel1.win32_1.0.100.202509120712/tools/bin/../lib/gcc/arm-none-eabi/13.3.1/../../../../arm-none-eabi/lib/thumb/v7e-m+dp/hard\libc_nano.a(libc_a-lock.o)
 .ARM.attributes
                0x00000523       0x32 D:/ProgramFile/ST/STM32Cube/STM32CubeIDE_2.0.0/STM32CubeIDE/plugins/com.st.stm32cube.ide.mcu.externaltools.gnu-tools-for-stm32.13.3.rel1.win32_1.0.100.202509120712/tools/bin/../lib/gcc/arm-none-eabi/13.3.1/../../../../arm-none-eabi/lib/thumb/v7e-m+dp/hard\libc_nano.a(libc_a-freer.o)
 .ARM.attributes
                0x00000555       0x32 D:/ProgramFile/ST/STM32Cube/STM32CubeIDE_2.0.0/STM32CubeIDE/plugins/com.st.stm32cube.ide.mcu.externaltools.gnu-tools-for-stm32.13.3.rel1.win32_1.0.100.202509120712/tools/bin/../lib/gcc/arm-none-eabi/13.3.1/../../../../arm-none-eabi/lib/thumb/v7e-m+dp/hard\libc_nano.a(libc_a-mallocr.o)
 .ARM.attributes
                0x00000587       0x32 D:/ProgramFile/ST/STM32Cube/STM32CubeIDE_2.0.0/STM32CubeIDE/plugins/com.st.stm32cube.ide.mcu.externaltools.gnu-tools-for-stm32.13.3.rel1.win32_1.0.100.202509120712/tools/bin/../lib/gcc/arm-none-eabi/13.3.1/../../../../arm-none-eabi/lib/thumb/v7e-m+dp/hard\libc_nano.a(libc_a-mlock.o)
 .ARM.attributes
                0x000005b9       0x32 D:/ProgramFile/ST/STM32Cube/STM32CubeIDE_2.0.0/STM32CubeIDE/plugins/com.st.stm32cube.ide.mcu.externaltools.gnu-tools-for-stm32.13.3.rel1.win32_1.0.100.202509120712/tools/bin/../lib/gcc/arm-none-eabi/13.3.1/../../../../arm-none-eabi/lib/thumb/v7e-m+dp/hard\libc_nano.a(libc_a-nano-svfprintf.o)
 .ARM.attributes
                0x000005eb       0x32 D:/ProgramFile/ST/STM32Cube/STM32CubeIDE_2.0.0/STM32CubeIDE/plugins/com.st.stm32cube.ide.mcu.externaltools.gnu-tools-for-stm32.13.3.rel1.win32_1.0.100.202509120712/tools/bin/../lib/gcc/arm-none-eabi/13.3.1/../../../../arm-none-eabi/lib/thumb/v7e-m+dp/hard\libc_nano.a(libc_a-nano-vfprintf_i.o)
 .ARM.attributes
                0x0000061d       0x32 D:/ProgramFile/ST/STM32Cube/STM32CubeIDE_2.0.0/STM32CubeIDE/plugins/com.st.stm32cube.ide.mcu.externaltools.gnu-tools-for-stm32.13.3.rel1.win32_1.0.100.202509120712/tools/bin/../lib/gcc/arm-none-eabi/13.3.1/../../../../arm-none-eabi/lib/thumb/v7e-m+dp/hard\libc_nano.a(libc_a-memmove.o)
 .ARM.attributes
                0x0000064f       0x32 D:/ProgramFile/ST/STM32Cube/STM32CubeIDE_2.0.0/STM32CubeIDE/plugins/com.st.stm32cube.ide.mcu.externaltools.gnu-tools-for-stm32.13.3.rel1.win32_1.0.100.202509120712/tools/bin/../lib/gcc/arm-none-eabi/13.3.1/../../../../arm-none-eabi/lib/thumb/v7e-m+dp/hard\libc_nano.a(libc_a-sbrkr.o)
 .ARM.attributes
                0x00000681       0x1c D:/ProgramFile/ST/STM32Cube/STM32CubeIDE_2.0.0/STM32CubeIDE/plugins/com.st.stm32cube.ide.mcu.externaltools.gnu-tools-for-stm32.13.3.rel1.win32_1.0.100.202509120712/tools/bin/../lib/gcc/arm-none-eabi/13.3.1/../../../../arm-none-eabi/lib/thumb/v7e-m+dp/hard\libc_nano.a(libc_a-memchr.o)
 .ARM.attributes
                0x0000069d       0x32 D:/ProgramFile/ST/STM32Cube/STM32CubeIDE_2.0.0/STM32CubeIDE/plugins/com.st.stm32cube.ide.mcu.externaltools.gnu-tools-for-stm32.13.3.rel1.win32_1.0.100.202509120712/tools/bin/../lib/gcc/arm-none-eabi/13.3.1/../../../../arm-none-eabi/lib/thumb/v7e-m+dp/hard\libc_nano.a(libc_a-memcpy-stub.o)
 .ARM.attributes
                0x000006cf       0x32 D:/ProgramFile/ST/STM32Cube/STM32CubeIDE_2.0.0/STM32CubeIDE/plugins/com.st.stm32cube.ide.mcu.externaltools.gnu-tools-for-stm32.13.3.rel1.win32_1.0.100.202509120712/tools/bin/../lib/gcc/arm-none-eabi/13.3.1/../../../../arm-none-eabi/lib/thumb/v7e-m+dp/hard\libc_nano.a(libc_a-reallocr.o)
 .ARM.attributes
                0x00000701       0x32 D:/ProgramFile/ST/STM32Cube/STM32CubeIDE_2.0.0/STM32CubeIDE/plugins/com.st.stm32cube.ide.mcu.externaltools.gnu-tools-for-stm32.13.3.rel1.win32_1.0.100.202509120712/tools/bin/../lib/gcc/arm-none-eabi/13.3.1/../../../../arm-none-eabi/lib/thumb/v7e-m+dp/hard\libc_nano.a(libc_a-msizer.o)
 .ARM.attributes
                0x00000733       0x20 D:/ProgramFile/ST/STM32Cube/STM32CubeIDE_2.0.0/STM32CubeIDE/plugins/com.st.stm32cube.ide.mcu.externaltools.gnu-tools-for-stm32.13.3.rel1.win32_1.0.100.202509120712/tools/bin/../lib/gcc/arm-none-eabi/13.3.1/thumb/v7e-m+dp/hard\libgcc.a(_aeabi_uldivmod.o)
 .ARM.attributes
                0x00000753       0x32 D:/ProgramFile/ST/STM32Cube/STM32CubeIDE_2.0.0/STM32CubeIDE/plugins/com.st.stm32cube.ide.mcu.externaltools.gnu-tools-for-stm32.13.3.rel1.win32_1.0.100.202509120712/tools/bin/../lib/gcc/arm-none-eabi/13.3.1/thumb/v7e-m+dp/hard\libgcc.a(_udivmoddi4.o)
 .ARM.attributes
                0x00000785       0x20 D:/ProgramFile/ST/STM32Cube/STM32CubeIDE_2.0.0/STM32CubeIDE/plugins/com.st.stm32cube.ide.mcu.externaltools.gnu-tools-for-stm32.13.3.rel1.win32_1.0.100.202509120712/tools/bin/../lib/gcc/arm-none-eabi/13.3.1/thumb/v7e-m+dp/hard\libgcc.a(_dvmd_tls.o)
 .ARM.attributes
                0x000007a5       0x20 D:/ProgramFile/ST/STM32Cube/STM32CubeIDE_2.0.0/STM32CubeIDE/plugins/com.st.stm32cube.ide.mcu.externaltools.gnu-tools-for-stm32.13.3.rel1.win32_1.0.100.202509120712/tools/bin/../lib/gcc/arm-none-eabi/13.3.1/thumb/v7e-m+dp/hard/crtn.o
OUTPUT(ITCM_Test_CM7.elf elf32-littlearm)
LOAD linker stubs
LOAD D:/ProgramFile/ST/STM32Cube/STM32CubeIDE_2.0.0/STM32CubeIDE/plugins/com.st.stm32cube.ide.mcu.externaltools.gnu-tools-for-stm32.13.3.rel1.win32_1.0.100.202509120712/tools/bin/../lib/gcc/arm-none-eabi/13.3.1/../../../../arm-none-eabi/lib/thumb/v7e-m+dp/hard\libc.a
LOAD D:/ProgramFile/ST/STM32Cube/STM32CubeIDE_2.0.0/STM32CubeIDE/plugins/com.st.stm32cube.ide.mcu.externaltools.gnu-tools-for-stm32.13.3.rel1.win32_1.0.100.202509120712/tools/bin/../lib/gcc/arm-none-eabi/13.3.1/../../../../arm-none-eabi/lib/thumb/v7e-m+dp/hard\libm.a
LOAD D:/ProgramFile/ST/STM32Cube/STM32CubeIDE_2.0.0/STM32CubeIDE/plugins/com.st.stm32cube.ide.mcu.externaltools.gnu-tools-for-stm32.13.3.rel1.win32_1.0.100.202509120712/tools/bin/../lib/gcc/arm-none-eabi/13.3.1/thumb/v7e-m+dp/hard\libgcc.a

.debug_info     0x00000000    0x10a1a
 .debug_info    0x00000000      0xe73 ./Common/Src/system_stm32h7xx_dualcore_boot_cm4_cm7.o
 .debug_info    0x00000e73      0x5fc ./Core/Src/gpio.o
 .debug_info    0x0000146f     0x164b ./Core/Src/main.o
 .debug_info    0x00002aba      0x464 ./Core/Src/stm32h7xx_hal_msp.o
 .debug_info    0x00002f1e      0x128 ./Core/Src/stm32h7xx_it.o
 .debug_info    0x00003046      0x168 ./Core/Src/sysmem.o
 .debug_info    0x000031ae     0x10b5 ./Core/Src/usart.o
 .debug_info    0x00004263       0x30 ./Core/Startup/startup_stm32h745xihx.o
 .debug_info    0x00004293     0x1774 ./Drivers/STM32H7xx_HAL_Driver/stm32h7xx_hal.o
 .debug_info    0x00005a07     0x10cf ./Drivers/STM32H7xx_HAL_Driver/stm32h7xx_hal_cortex.o
 .debug_info    0x00006ad6      0xd06 ./Drivers/STM32H7xx_HAL_Driver/stm32h7xx_hal_gpio.o
 .debug_info    0x000077dc      0x3d3 ./Drivers/STM32H7xx_HAL_Driver/stm32h7xx_hal_hsem.o
 .debug_info    0x00007baf     0x1225 ./Drivers/STM32H7xx_HAL_Driver/stm32h7xx_hal_pwr_ex.o
 .debug_info    0x00008dd4      0xe67 ./Drivers/STM32H7xx_HAL_Driver/stm32h7xx_hal_rcc.o
 .debug_info    0x00009c3b     0x1303 ./Drivers/STM32H7xx_HAL_Driver/stm32h7xx_hal_rcc_ex.o
 .debug_info    0x0000af3e     0x4b1d ./Drivers/STM32H7xx_HAL_Driver/stm32h7xx_hal_uart.o
 .debug_info    0x0000fa5b      0xfbf ./Drivers/STM32H7xx_HAL_Driver/stm32h7xx_hal_uart_ex.o

.debug_abbrev   0x00000000     0x2254
 .debug_abbrev  0x00000000      0x165 ./Common/Src/system_stm32h7xx_dualcore_boot_cm4_cm7.o
 .debug_abbrev  0x00000165      0x189 ./Core/Src/gpio.o
 .debug_abbrev  0x000002ee      0x33a ./Core/Src/main.o
 .debug_abbrev  0x00000628       0xdb ./Core/Src/stm32h7xx_hal_msp.o
 .debug_abbrev  0x00000703       0x73 ./Core/Src/stm32h7xx_it.o
 .debug_abbrev  0x00000776       0xbc ./Core/Src/sysmem.o
 .debug_abbrev  0x00000832      0x241 ./Core/Src/usart.o
 .debug_abbrev  0x00000a73       0x24 ./Core/Startup/startup_stm32h745xihx.o
 .debug_abbrev  0x00000a97      0x295 ./Drivers/STM32H7xx_HAL_Driver/stm32h7xx_hal.o
 .debug_abbrev  0x00000d2c      0x339 ./Drivers/STM32H7xx_HAL_Driver/stm32h7xx_hal_cortex.o
 .debug_abbrev  0x00001065      0x205 ./Drivers/STM32H7xx_HAL_Driver/stm32h7xx_hal_gpio.o
 .debug_abbrev  0x0000126a      0x1d3 ./Drivers/STM32H7xx_HAL_Driver/stm32h7xx_hal_hsem.o
 .debug_abbrev  0x0000143d      0x2d7 ./Drivers/STM32H7xx_HAL_Driver/stm32h7xx_hal_pwr_ex.o
 .debug_abbrev  0x00001714      0x2c8 ./Drivers/STM32H7xx_HAL_Driver/stm32h7xx_hal_rcc.o
 .debug_abbrev  0x000019dc      0x269 ./Drivers/STM32H7xx_HAL_Driver/stm32h7xx_hal_rcc_ex.o
 .debug_abbrev  0x00001c45      0x33d ./Drivers/STM32H7xx_HAL_Driver/stm32h7xx_hal_uart.o
 .debug_abbrev  0x00001f82      0x2d2 ./Drivers/STM32H7xx_HAL_Driver/stm32h7xx_hal_uart_ex.o

.debug_aranges  0x00000000      0xb88
 .debug_aranges
                0x00000000       0x30 ./Common/Src/system_stm32h7xx_dualcore_boot_cm4_cm7.o
 .debug_aranges
                0x00000030       0x20 ./Core/Src/gpio.o
 .debug_aranges
                0x00000050       0x60 ./Core/Src/main.o
 .debug_aranges
                0x000000b0       0x20 ./Core/Src/stm32h7xx_hal_msp.o
 .debug_aranges
                0x000000d0       0x60 ./Core/Src/stm32h7xx_it.o
 .debug_aranges
                0x00000130       0x20 ./Core/Src/sysmem.o
 .debug_aranges
                0x00000150       0x30 ./Core/Src/usart.o
 .debug_aranges
                0x00000180       0x28 ./Core/Startup/startup_stm32h745xihx.o
 .debug_aranges
                0x000001a8      0x200 ./Drivers/STM32H7xx_HAL_Driver/stm32h7xx_hal.o
 .debug_aranges
                0x000003a8      0x130 ./Drivers/STM32H7xx_HAL_Driver/stm32h7xx_hal_cortex.o
 .debug_aranges
                0x000004d8       0x58 ./Drivers/STM32H7xx_HAL_Driver/stm32h7xx_hal_gpio.o
 .debug_aranges
                0x00000530       0x70 ./Drivers/STM32H7xx_HAL_Driver/stm32h7xx_hal_hsem.o
 .debug_aranges
                0x000005a0      0x170 ./Drivers/STM32H7xx_HAL_Driver/stm32h7xx_hal_pwr_ex.o
 .debug_aranges
                0x00000710       0x88 ./Drivers/STM32H7xx_HAL_Driver/stm32h7xx_hal_rcc.o
 .debug_aranges
                0x00000798      0x100 ./Drivers/STM32H7xx_HAL_Driver/stm32h7xx_hal_rcc_ex.o
 .debug_aranges
                0x00000898      0x248 ./Drivers/STM32H7xx_HAL_Driver/stm32h7xx_hal_uart.o
 .debug_aranges
                0x00000ae0       0xa8 ./Drivers/STM32H7xx_HAL_Driver/stm32h7xx_hal_uart_ex.o

.debug_rnglists
                0x00000000      0x8c9
 .debug_rnglists
                0x00000000       0x21 ./Common/Src/system_stm32h7xx_dualcore_boot_cm4_cm7.o
 .debug_rnglists
                0x00000021       0x14 ./Core/Src/gpio.o
 .debug_rnglists
                0x00000035       0x45 ./Core/Src/main.o
 .debug_rnglists
                0x0000007a       0x13 ./Core/Src/stm32h7xx_hal_msp.o
 .debug_rnglists
                0x0000008d       0x43 ./Core/Src/stm32h7xx_it.o
 .debug_rnglists
                0x000000d0       0x13 ./Core/Src/sysmem.o
 .debug_rnglists
                0x000000e3       0x21 ./Core/Src/usart.o
 .debug_rnglists
                0x00000104       0x19 ./Core/Startup/startup_stm32h745xihx.o
 .debug_rnglists
                0x0000011d      0x180 ./Drivers/STM32H7xx_HAL_Driver/stm32h7xx_hal.o
 .debug_rnglists
                0x0000029d       0xe0 ./Drivers/STM32H7xx_HAL_Driver/stm32h7xx_hal_cortex.o
 .debug_rnglists
                0x0000037d       0x3f ./Drivers/STM32H7xx_HAL_Driver/stm32h7xx_hal_gpio.o
 .debug_rnglists
                0x000003bc       0x4f ./Drivers/STM32H7xx_HAL_Driver/stm32h7xx_hal_hsem.o
 .debug_rnglists
                0x0000040b      0x117 ./Drivers/STM32H7xx_HAL_Driver/stm32h7xx_hal_pwr_ex.o
 .debug_rnglists
                0x00000522       0x68 ./Drivers/STM32H7xx_HAL_Driver/stm32h7xx_hal_rcc.o
 .debug_rnglists
                0x0000058a       0xc6 ./Drivers/STM32H7xx_HAL_Driver/stm32h7xx_hal_rcc_ex.o
 .debug_rnglists
                0x00000650      0x1fa ./Drivers/STM32H7xx_HAL_Driver/stm32h7xx_hal_uart.o
 .debug_rnglists
                0x0000084a       0x7f ./Drivers/STM32H7xx_HAL_Driver/stm32h7xx_hal_uart_ex.o

.debug_macro    0x00000000    0x394f4
 .debug_macro   0x00000000      0x298 ./Common/Src/system_stm32h7xx_dualcore_boot_cm4_cm7.o
 .debug_macro   0x00000298      0xafc ./Common/Src/system_stm32h7xx_dualcore_boot_cm4_cm7.o
 .debug_macro   0x00000d94       0x2e ./Common/Src/system_stm32h7xx_dualcore_boot_cm4_cm7.o
 .debug_macro   0x00000dc2       0x49 ./Common/Src/system_stm32h7xx_dualcore_boot_cm4_cm7.o
 .debug_macro   0x00000e0b       0x22 ./Common/Src/system_stm32h7xx_dualcore_boot_cm4_cm7.o
 .debug_macro   0x00000e2d       0x8e ./Common/Src/system_stm32h7xx_dualcore_boot_cm4_cm7.o
 .debug_macro   0x00000ebb       0x51 ./Common/Src/system_stm32h7xx_dualcore_boot_cm4_cm7.o
 .debug_macro   0x00000f0c      0x103 ./Common/Src/system_stm32h7xx_dualcore_boot_cm4_cm7.o
 .debug_macro   0x0000100f       0x6a ./Common/Src/system_stm32h7xx_dualcore_boot_cm4_cm7.o
 .debug_macro   0x00001079      0x1df ./Common/Src/system_stm32h7xx_dualcore_boot_cm4_cm7.o
 .debug_macro   0x00001258       0x1c ./Common/Src/system_stm32h7xx_dualcore_boot_cm4_cm7.o
 .debug_macro   0x00001274       0x22 ./Common/Src/system_stm32h7xx_dualcore_boot_cm4_cm7.o
 .debug_macro   0x00001296       0xfb ./Common/Src/system_stm32h7xx_dualcore_boot_cm4_cm7.o
 .debug_macro   0x00001391     0x1305 ./Common/Src/system_stm32h7xx_dualcore_boot_cm4_cm7.o
 .debug_macro   0x00002696      0x11f ./Common/Src/system_stm32h7xx_dualcore_boot_cm4_cm7.o
 .debug_macro   0x000027b5       0x27 ./Common/Src/system_stm32h7xx_dualcore_boot_cm4_cm7.o
 .debug_macro   0x000027dc    0x2706d ./Common/Src/system_stm32h7xx_dualcore_boot_cm4_cm7.o
 .debug_macro   0x00029849       0x6d ./Common/Src/system_stm32h7xx_dualcore_boot_cm4_cm7.o
 .debug_macro   0x000298b6      0x232 ./Common/Src/system_stm32h7xx_dualcore_boot_cm4_cm7.o
 .debug_macro   0x00029ae8     0x3d79 ./Common/Src/system_stm32h7xx_dualcore_boot_cm4_cm7.o
 .debug_macro   0x0002d861      0x190 ./Common/Src/system_stm32h7xx_dualcore_boot_cm4_cm7.o
 .debug_macro   0x0002d9f1       0x61 ./Common/Src/system_stm32h7xx_dualcore_boot_cm4_cm7.o
 .debug_macro   0x0002da52       0x29 ./Common/Src/system_stm32h7xx_dualcore_boot_cm4_cm7.o
 .debug_macro   0x0002da7b       0x43 ./Common/Src/system_stm32h7xx_dualcore_boot_cm4_cm7.o
 .debug_macro   0x0002dabe       0x34 ./Common/Src/system_stm32h7xx_dualcore_boot_cm4_cm7.o
 .debug_macro   0x0002daf2      0x370 ./Common/Src/system_stm32h7xx_dualcore_boot_cm4_cm7.o
 .debug_macro   0x0002de62       0x16 ./Common/Src/system_stm32h7xx_dualcore_boot_cm4_cm7.o
 .debug_macro   0x0002de78       0x4a ./Common/Src/system_stm32h7xx_dualcore_boot_cm4_cm7.o
 .debug_macro   0x0002dec2       0x34 ./Common/Src/system_stm32h7xx_dualcore_boot_cm4_cm7.o
 .debug_macro   0x0002def6       0x10 ./Common/Src/system_stm32h7xx_dualcore_boot_cm4_cm7.o
 .debug_macro   0x0002df06       0x58 ./Common/Src/system_stm32h7xx_dualcore_boot_cm4_cm7.o
 .debug_macro   0x0002df5e       0x8e ./Common/Src/system_stm32h7xx_dualcore_boot_cm4_cm7.o
 .debug_macro   0x0002dfec       0x1c ./Common/Src/system_stm32h7xx_dualcore_boot_cm4_cm7.o
 .debug_macro   0x0002e008      0x185 ./Common/Src/system_stm32h7xx_dualcore_boot_cm4_cm7.o
 .debug_macro   0x0002e18d      0x19b ./Common/Src/system_stm32h7xx_dualcore_boot_cm4_cm7.o
 .debug_macro   0x0002e328       0x5d ./Common/Src/system_stm32h7xx_dualcore_boot_cm4_cm7.o
 .debug_macro   0x0002e385     0x3a9d ./Common/Src/system_stm32h7xx_dualcore_boot_cm4_cm7.o
 .debug_macro   0x00031e22     0x1072 ./Common/Src/system_stm32h7xx_dualcore_boot_cm4_cm7.o
 .debug_macro   0x00032e94      0x154 ./Common/Src/system_stm32h7xx_dualcore_boot_cm4_cm7.o
 .debug_macro   0x00032fe8      0x130 ./Common/Src/system_stm32h7xx_dualcore_boot_cm4_cm7.o
 .debug_macro   0x00033118      0x3c2 ./Common/Src/system_stm32h7xx_dualcore_boot_cm4_cm7.o
 .debug_macro   0x000334da       0xac ./Common/Src/system_stm32h7xx_dualcore_boot_cm4_cm7.o
 .debug_macro   0x00033586      0x72d ./Common/Src/system_stm32h7xx_dualcore_boot_cm4_cm7.o
 .debug_macro   0x00033cb3      0x228 ./Common/Src/system_stm32h7xx_dualcore_boot_cm4_cm7.o
 .debug_macro   0x00033edb       0x66 ./Common/Src/system_stm32h7xx_dualcore_boot_cm4_cm7.o
 .debug_macro   0x00033f41      0x3bb ./Common/Src/system_stm32h7xx_dualcore_boot_cm4_cm7.o
 .debug_macro   0x000342fc      0x407 ./Common/Src/system_stm32h7xx_dualcore_boot_cm4_cm7.o
 .debug_macro   0x00034703      0x27c ./Common/Src/system_stm32h7xx_dualcore_boot_cm4_cm7.o
 .debug_macro   0x0003497f      0x3ca ./Common/Src/system_stm32h7xx_dualcore_boot_cm4_cm7.o
 .debug_macro   0x00034d49      0x4a2 ./Common/Src/system_stm32h7xx_dualcore_boot_cm4_cm7.o
 .debug_macro   0x000351eb       0x51 ./Common/Src/system_stm32h7xx_dualcore_boot_cm4_cm7.o
 .debug_macro   0x0003523c       0x4a ./Common/Src/system_stm32h7xx_dualcore_boot_cm4_cm7.o
 .debug_macro   0x00035286      0x22c ./Common/Src/system_stm32h7xx_dualcore_boot_cm4_cm7.o
 .debug_macro   0x000354b2       0x67 ./Common/Src/system_stm32h7xx_dualcore_boot_cm4_cm7.o
 .debug_macro   0x00035519       0xa5 ./Common/Src/system_stm32h7xx_dualcore_boot_cm4_cm7.o
 .debug_macro   0x000355be      0x218 ./Common/Src/system_stm32h7xx_dualcore_boot_cm4_cm7.o
 .debug_macro   0x000357d6      0x2ea ./Common/Src/system_stm32h7xx_dualcore_boot_cm4_cm7.o
 .debug_macro   0x00035ac0       0x35 ./Common/Src/system_stm32h7xx_dualcore_boot_cm4_cm7.o
 .debug_macro   0x00035af5      0x693 ./Common/Src/system_stm32h7xx_dualcore_boot_cm4_cm7.o
 .debug_macro   0x00036188       0xa6 ./Common/Src/system_stm32h7xx_dualcore_boot_cm4_cm7.o
 .debug_macro   0x0003622e      0x7a4 ./Common/Src/system_stm32h7xx_dualcore_boot_cm4_cm7.o
 .debug_macro   0x000369d2      0x2ac ./Core/Src/gpio.o
 .debug_macro   0x00036c7e      0x2f4 ./Core/Src/main.o
 .debug_macro   0x00036f72       0x1c ./Core/Src/main.o
 .debug_macro   0x00036f8e       0x3c ./Core/Src/main.o
 .debug_macro   0x00036fca       0x10 ./Core/Src/main.o
 .debug_macro   0x00036fda       0x1c ./Core/Src/main.o
 .debug_macro   0x00036ff6       0x16 ./Core/Src/main.o
 .debug_macro   0x0003700c      0x146 ./Core/Src/main.o
 .debug_macro   0x00037152      0x2a2 ./Core/Src/stm32h7xx_hal_msp.o
 .debug_macro   0x000373f4      0x2ac ./Core/Src/stm32h7xx_it.o
 .debug_macro   0x000376a0      0x112 ./Core/Src/sysmem.o
 .debug_macro   0x000377b2      0x23c ./Core/Src/sysmem.o
 .debug_macro   0x000379ee      0x2ac ./Core/Src/usart.o
 .debug_macro   0x00037c9a      0x2c2 ./Drivers/STM32H7xx_HAL_Driver/stm32h7xx_hal.o
 .debug_macro   0x00037f5c      0x298 ./Drivers/STM32H7xx_HAL_Driver/stm32h7xx_hal_cortex.o
 .debug_macro   0x000381f4      0x2ac ./Drivers/STM32H7xx_HAL_Driver/stm32h7xx_hal_gpio.o
 .debug_macro   0x000384a0      0x2aa ./Drivers/STM32H7xx_HAL_Driver/stm32h7xx_hal_hsem.o
 .debug_macro   0x0003874a      0x2d1 ./Drivers/STM32H7xx_HAL_Driver/stm32h7xx_hal_pwr_ex.o
 .debug_macro   0x00038a1b      0x2bc ./Drivers/STM32H7xx_HAL_Driver/stm32h7xx_hal_rcc.o
 .debug_macro   0x00038cd7      0x2b6 ./Drivers/STM32H7xx_HAL_Driver/stm32h7xx_hal_rcc_ex.o
 .debug_macro   0x00038f8d      0x2c3 ./Drivers/STM32H7xx_HAL_Driver/stm32h7xx_hal_uart.o
 .debug_macro   0x00039250      0x2a4 ./Drivers/STM32H7xx_HAL_Driver/stm32h7xx_hal_uart_ex.o

.debug_line     0x00000000    0x110a6
 .debug_line    0x00000000      0xbcd ./Common/Src/system_stm32h7xx_dualcore_boot_cm4_cm7.o
 .debug_line    0x00000bcd      0x9a1 ./Core/Src/gpio.o
 .debug_line    0x0000156e      0xbd5 ./Core/Src/main.o
 .debug_line    0x00002143      0x992 ./Core/Src/stm32h7xx_hal_msp.o
 .debug_line    0x00002ad5      0xa42 ./Core/Src/stm32h7xx_it.o
 .debug_line    0x00003517      0x666 ./Core/Src/sysmem.o
 .debug_line    0x00003b7d      0xa48 ./Core/Src/usart.o
 .debug_line    0x000045c5       0x7b ./Core/Startup/startup_stm32h745xihx.o
 .debug_line    0x00004640     0x10e1 ./Drivers/STM32H7xx_HAL_Driver/stm32h7xx_hal.o
 .debug_line    0x00005721      0xf78 ./Drivers/STM32H7xx_HAL_Driver/stm32h7xx_hal_cortex.o
 .debug_line    0x00006699      0xe0b ./Drivers/STM32H7xx_HAL_Driver/stm32h7xx_hal_gpio.o
 .debug_line    0x000074a4      0xb20 ./Drivers/STM32H7xx_HAL_Driver/stm32h7xx_hal_hsem.o
 .debug_line    0x00007fc4     0x124b ./Drivers/STM32H7xx_HAL_Driver/stm32h7xx_hal_pwr_ex.o
 .debug_line    0x0000920f     0x1629 ./Drivers/STM32H7xx_HAL_Driver/stm32h7xx_hal_rcc.o
 .debug_line    0x0000a838     0x1f4d ./Drivers/STM32H7xx_HAL_Driver/stm32h7xx_hal_rcc_ex.o
 .debug_line    0x0000c785     0x3a09 ./Drivers/STM32H7xx_HAL_Driver/stm32h7xx_hal_uart.o
 .debug_line    0x0001018e      0xf18 ./Drivers/STM32H7xx_HAL_Driver/stm32h7xx_hal_uart_ex.o

.debug_str      0x00000000   0x178abe
 .debug_str     0x00000000   0x178abe ./Common/Src/system_stm32h7xx_dualcore_boot_cm4_cm7.o
                             0x173fa9 (size before relaxing)
 .debug_str     0x00178abe        0x0 ./Core/Src/gpio.o
                             0x173c5c (size before relaxing)
 .debug_str     0x00178abe        0x0 ./Core/Src/main.o
                             0x174c76 (size before relaxing)
 .debug_str     0x00178abe        0x0 ./Core/Src/stm32h7xx_hal_msp.o
                             0x173b91 (size before relaxing)
 .debug_str     0x00178abe        0x0 ./Core/Src/stm32h7xx_it.o
                             0x1739f0 (size before relaxing)
 .debug_str     0x00178abe        0x0 ./Core/Src/sysmem.o
                               0x77d7 (size before relaxing)
 .debug_str     0x00178abe        0x0 ./Core/Src/usart.o
                             0x174614 (size before relaxing)
 .debug_str     0x00178abe        0x0 ./Core/Startup/startup_stm32h745xihx.o
                                 0x68 (size before relaxing)
 .debug_str     0x00178abe        0x0 ./Drivers/STM32H7xx_HAL_Driver/stm32h7xx_hal.o
                             0x175007 (size before relaxing)
 .debug_str     0x00178abe        0x0 ./Drivers/STM32H7xx_HAL_Driver/stm32h7xx_hal_cortex.o
                             0x17486e (size before relaxing)
 .debug_str     0x00178abe        0x0 ./Drivers/STM32H7xx_HAL_Driver/stm32h7xx_hal_gpio.o
                             0x173f08 (size before relaxing)
 .debug_str     0x00178abe        0x0 ./Drivers/STM32H7xx_HAL_Driver/stm32h7xx_hal_hsem.o
                             0x173b93 (size before relaxing)
 .debug_str     0x00178abe        0x0 ./Drivers/STM32H7xx_HAL_Driver/stm32h7xx_hal_pwr_ex.o
                             0x174413 (size before relaxing)
 .debug_str     0x00178abe        0x0 ./Drivers/STM32H7xx_HAL_Driver/stm32h7xx_hal_rcc.o
                             0x174289 (size before relaxing)
 .debug_str     0x00178abe        0x0 ./Drivers/STM32H7xx_HAL_Driver/stm32h7xx_hal_rcc_ex.o
                             0x1747be (size before relaxing)
 .debug_str     0x00178abe        0x0 ./Drivers/STM32H7xx_HAL_Driver/stm32h7xx_hal_uart.o
                             0x174db7 (size before relaxing)
 .debug_str     0x00178abe        0x0 ./Drivers/STM32H7xx_HAL_Driver/stm32h7xx_hal_uart_ex.o
                             0x174377 (size before relaxing)

.comment        0x00000000       0x43
 .comment       0x00000000       0x43 ./Common/Src/system_stm32h7xx_dualcore_boot_cm4_cm7.o
                                 0x44 (size before relaxing)
 .comment       0x00000043        0x0 ./Core/Src/gpio.o
                                 0x44 (size before relaxing)
 .comment       0x00000043        0x0 ./Core/Src/main.o
                                 0x44 (size before relaxing)
 .comment       0x00000043        0x0 ./Core/Src/stm32h7xx_hal_msp.o
                                 0x44 (size before relaxing)
 .comment       0x00000043        0x0 ./Core/Src/stm32h7xx_it.o
                                 0x44 (size before relaxing)
 .comment       0x00000043        0x0 ./Core/Src/sysmem.o
                                 0x44 (size before relaxing)
 .comment       0x00000043        0x0 ./Core/Src/usart.o
                                 0x44 (size before relaxing)
 .comment       0x00000043        0x0 ./Drivers/STM32H7xx_HAL_Driver/stm32h7xx_hal.o
                                 0x44 (size before relaxing)
 .comment       0x00000043        0x0 ./Drivers/STM32H7xx_HAL_Driver/stm32h7xx_hal_cortex.o
                                 0x44 (size before relaxing)
 .comment       0x00000043        0x0 ./Drivers/STM32H7xx_HAL_Driver/stm32h7xx_hal_gpio.o
                                 0x44 (size before relaxing)
 .comment       0x00000043        0x0 ./Drivers/STM32H7xx_HAL_Driver/stm32h7xx_hal_hsem.o
                                 0x44 (size before relaxing)
 .comment       0x00000043        0x0 ./Drivers/STM32H7xx_HAL_Driver/stm32h7xx_hal_pwr_ex.o
                                 0x44 (size before relaxing)
 .comment       0x00000043        0x0 ./Drivers/STM32H7xx_HAL_Driver/stm32h7xx_hal_rcc.o
                                 0x44 (size before relaxing)
 .comment       0x00000043        0x0 ./Drivers/STM32H7xx_HAL_Driver/stm32h7xx_hal_rcc_ex.o
                                 0x44 (size before relaxing)
 .comment       0x00000043        0x0 ./Drivers/STM32H7xx_HAL_Driver/stm32h7xx_hal_uart.o
                                 0x44 (size before relaxing)
 .comment       0x00000043        0x0 ./Drivers/STM32H7xx_HAL_Driver/stm32h7xx_hal_uart_ex.o
                                 0x44 (size before relaxing)

.debug_frame    0x00000000     0x3394
 .debug_frame   0x00000000       0x78 ./Common/Src/system_stm32h7xx_dualcore_boot_cm4_cm7.o
 .debug_frame   0x00000078       0x34 ./Core/Src/gpio.o
 .debug_frame   0x000000ac      0x148 ./Core/Src/main.o
 .debug_frame   0x000001f4       0x38 ./Core/Src/stm32h7xx_hal_msp.o
 .debug_frame   0x0000022c      0x104 ./Core/Src/stm32h7xx_it.o
 .debug_frame   0x00000330       0x34 ./Core/Src/sysmem.o
 .debug_frame   0x00000364       0x78 ./Core/Src/usart.o
 .debug_frame   0x000003dc      0x848 ./Drivers/STM32H7xx_HAL_Driver/stm32h7xx_hal.o
 .debug_frame   0x00000c24      0x508 ./Drivers/STM32H7xx_HAL_Driver/stm32h7xx_hal_cortex.o
 .debug_frame   0x0000112c      0x14c ./Drivers/STM32H7xx_HAL_Driver/stm32h7xx_hal_gpio.o
 .debug_frame   0x00001278      0x1bc ./Drivers/STM32H7xx_HAL_Driver/stm32h7xx_hal_hsem.o
 .debug_frame   0x00001434      0x5ec ./Drivers/STM32H7xx_HAL_Driver/stm32h7xx_hal_pwr_ex.o
 .debug_frame   0x00001a20      0x1f8 ./Drivers/STM32H7xx_HAL_Driver/stm32h7xx_hal_rcc.o
 .debug_frame   0x00001c18      0x43c ./Drivers/STM32H7xx_HAL_Driver/stm32h7xx_hal_rcc_ex.o
 .debug_frame   0x00002054      0xa94 ./Drivers/STM32H7xx_HAL_Driver/stm32h7xx_hal_uart.o
 .debug_frame   0x00002ae8      0x2c0 ./Drivers/STM32H7xx_HAL_Driver/stm32h7xx_hal_uart_ex.o
 .debug_frame   0x00002da8      0x144 D:/ProgramFile/ST/STM32Cube/STM32CubeIDE_2.0.0/STM32CubeIDE/plugins/com.st.stm32cube.ide.mcu.externaltools.gnu-tools-for-stm32.13.3.rel1.win32_1.0.100.202509120712/tools/bin/../lib/gcc/arm-none-eabi/13.3.1/../../../../arm-none-eabi/lib/thumb/v7e-m+dp/hard\libc_nano.a(libc_a-findfp.o)
 .debug_frame   0x00002eec       0x74 D:/ProgramFile/ST/STM32Cube/STM32CubeIDE_2.0.0/STM32CubeIDE/plugins/com.st.stm32cube.ide.mcu.externaltools.gnu-tools-for-stm32.13.3.rel1.win32_1.0.100.202509120712/tools/bin/../lib/gcc/arm-none-eabi/13.3.1/../../../../arm-none-eabi/lib/thumb/v7e-m+dp/hard\libc_nano.a(libc_a-sprintf.o)
 .debug_frame   0x00002f60       0x20 D:/ProgramFile/ST/STM32Cube/STM32CubeIDE_2.0.0/STM32CubeIDE/plugins/com.st.stm32cube.ide.mcu.externaltools.gnu-tools-for-stm32.13.3.rel1.win32_1.0.100.202509120712/tools/bin/../lib/gcc/arm-none-eabi/13.3.1/../../../../arm-none-eabi/lib/thumb/v7e-m+dp/hard\libc_nano.a(libc_a-memset.o)
 .debug_frame   0x00002f80       0x38 D:/ProgramFile/ST/STM32Cube/STM32CubeIDE_2.0.0/STM32CubeIDE/plugins/com.st.stm32cube.ide.mcu.externaltools.gnu-tools-for-stm32.13.3.rel1.win32_1.0.100.202509120712/tools/bin/../lib/gcc/arm-none-eabi/13.3.1/../../../../arm-none-eabi/lib/thumb/v7e-m+dp/hard\libc_nano.a(libc_a-reent.o)
 .debug_frame   0x00002fb8       0x20 D:/ProgramFile/ST/STM32Cube/STM32CubeIDE_2.0.0/STM32CubeIDE/plugins/com.st.stm32cube.ide.mcu.externaltools.gnu-tools-for-stm32.13.3.rel1.win32_1.0.100.202509120712/tools/bin/../lib/gcc/arm-none-eabi/13.3.1/../../../../arm-none-eabi/lib/thumb/v7e-m+dp/hard\libc_nano.a(libc_a-errno.o)
 .debug_frame   0x00002fd8       0x2c D:/ProgramFile/ST/STM32Cube/STM32CubeIDE_2.0.0/STM32CubeIDE/plugins/com.st.stm32cube.ide.mcu.externaltools.gnu-tools-for-stm32.13.3.rel1.win32_1.0.100.202509120712/tools/bin/../lib/gcc/arm-none-eabi/13.3.1/../../../../arm-none-eabi/lib/thumb/v7e-m+dp/hard\libc_nano.a(libc_a-init.o)
 .debug_frame   0x00003004       0xb0 D:/ProgramFile/ST/STM32Cube/STM32CubeIDE_2.0.0/STM32CubeIDE/plugins/com.st.stm32cube.ide.mcu.externaltools.gnu-tools-for-stm32.13.3.rel1.win32_1.0.100.202509120712/tools/bin/../lib/gcc/arm-none-eabi/13.3.1/../../../../arm-none-eabi/lib/thumb/v7e-m+dp/hard\libc_nano.a(libc_a-lock.o)
 .debug_frame   0x000030b4       0x38 D:/ProgramFile/ST/STM32Cube/STM32CubeIDE_2.0.0/STM32CubeIDE/plugins/com.st.stm32cube.ide.mcu.externaltools.gnu-tools-for-stm32.13.3.rel1.win32_1.0.100.202509120712/tools/bin/../lib/gcc/arm-none-eabi/13.3.1/../../../../arm-none-eabi/lib/thumb/v7e-m+dp/hard\libc_nano.a(libc_a-freer.o)
 .debug_frame   0x000030ec       0x50 D:/ProgramFile/ST/STM32Cube/STM32CubeIDE_2.0.0/STM32CubeIDE/plugins/com.st.stm32cube.ide.mcu.externaltools.gnu-tools-for-stm32.13.3.rel1.win32_1.0.100.202509120712/tools/bin/../lib/gcc/arm-none-eabi/13.3.1/../../../../arm-none-eabi/lib/thumb/v7e-m+dp/hard\libc_nano.a(libc_a-mallocr.o)
 .debug_frame   0x0000313c       0x30 D:/ProgramFile/ST/STM32Cube/STM32CubeIDE_2.0.0/STM32CubeIDE/plugins/com.st.stm32cube.ide.mcu.externaltools.gnu-tools-for-stm32.13.3.rel1.win32_1.0.100.202509120712/tools/bin/../lib/gcc/arm-none-eabi/13.3.1/../../../../arm-none-eabi/lib/thumb/v7e-m+dp/hard\libc_nano.a(libc_a-mlock.o)
 .debug_frame   0x0000316c       0x90 D:/ProgramFile/ST/STM32Cube/STM32CubeIDE_2.0.0/STM32CubeIDE/plugins/com.st.stm32cube.ide.mcu.externaltools.gnu-tools-for-stm32.13.3.rel1.win32_1.0.100.202509120712/tools/bin/../lib/gcc/arm-none-eabi/13.3.1/../../../../arm-none-eabi/lib/thumb/v7e-m+dp/hard\libc_nano.a(libc_a-nano-svfprintf.o)
 .debug_frame   0x000031fc       0x60 D:/ProgramFile/ST/STM32Cube/STM32CubeIDE_2.0.0/STM32CubeIDE/plugins/com.st.stm32cube.ide.mcu.externaltools.gnu-tools-for-stm32.13.3.rel1.win32_1.0.100.202509120712/tools/bin/../lib/gcc/arm-none-eabi/13.3.1/../../../../arm-none-eabi/lib/thumb/v7e-m+dp/hard\libc_nano.a(libc_a-nano-vfprintf_i.o)
 .debug_frame   0x0000325c       0x28 D:/ProgramFile/ST/STM32Cube/STM32CubeIDE_2.0.0/STM32CubeIDE/plugins/com.st.stm32cube.ide.mcu.externaltools.gnu-tools-for-stm32.13.3.rel1.win32_1.0.100.202509120712/tools/bin/../lib/gcc/arm-none-eabi/13.3.1/../../../../arm-none-eabi/lib/thumb/v7e-m+dp/hard\libc_nano.a(libc_a-memmove.o)
 .debug_frame   0x00003284       0x2c D:/ProgramFile/ST/STM32Cube/STM32CubeIDE_2.0.0/STM32CubeIDE/plugins/com.st.stm32cube.ide.mcu.externaltools.gnu-tools-for-stm32.13.3.rel1.win32_1.0.100.202509120712/tools/bin/../lib/gcc/arm-none-eabi/13.3.1/../../../../arm-none-eabi/lib/thumb/v7e-m+dp/hard\libc_nano.a(libc_a-sbrkr.o)
 .debug_frame   0x000032b0       0x28 D:/ProgramFile/ST/STM32Cube/STM32CubeIDE_2.0.0/STM32CubeIDE/plugins/com.st.stm32cube.ide.mcu.externaltools.gnu-tools-for-stm32.13.3.rel1.win32_1.0.100.202509120712/tools/bin/../lib/gcc/arm-none-eabi/13.3.1/../../../../arm-none-eabi/lib/thumb/v7e-m+dp/hard\libc_nano.a(libc_a-memcpy-stub.o)
 .debug_frame   0x000032d8       0x3c D:/ProgramFile/ST/STM32Cube/STM32CubeIDE_2.0.0/STM32CubeIDE/plugins/com.st.stm32cube.ide.mcu.externaltools.gnu-tools-for-stm32.13.3.rel1.win32_1.0.100.202509120712/tools/bin/../lib/gcc/arm-none-eabi/13.3.1/../../../../arm-none-eabi/lib/thumb/v7e-m+dp/hard\libc_nano.a(libc_a-reallocr.o)
 .debug_frame   0x00003314       0x20 D:/ProgramFile/ST/STM32Cube/STM32CubeIDE_2.0.0/STM32CubeIDE/plugins/com.st.stm32cube.ide.mcu.externaltools.gnu-tools-for-stm32.13.3.rel1.win32_1.0.100.202509120712/tools/bin/../lib/gcc/arm-none-eabi/13.3.1/../../../../arm-none-eabi/lib/thumb/v7e-m+dp/hard\libc_nano.a(libc_a-msizer.o)
 .debug_frame   0x00003334       0x2c D:/ProgramFile/ST/STM32Cube/STM32CubeIDE_2.0.0/STM32CubeIDE/plugins/com.st.stm32cube.ide.mcu.externaltools.gnu-tools-for-stm32.13.3.rel1.win32_1.0.100.202509120712/tools/bin/../lib/gcc/arm-none-eabi/13.3.1/thumb/v7e-m+dp/hard\libgcc.a(_aeabi_uldivmod.o)
 .debug_frame   0x00003360       0x34 D:/ProgramFile/ST/STM32Cube/STM32CubeIDE_2.0.0/STM32CubeIDE/plugins/com.st.stm32cube.ide.mcu.externaltools.gnu-tools-for-stm32.13.3.rel1.win32_1.0.100.202509120712/tools/bin/../lib/gcc/arm-none-eabi/13.3.1/thumb/v7e-m+dp/hard\libgcc.a(_udivmoddi4.o)

.debug_line_str
                0x00000000       0x4c
 .debug_line_str
                0x00000000       0x4c ./Core/Startup/startup_stm32h745xihx.o
